Microchip MPLAB XC8 Compiler V1.30 ()

Linker command line:

--edf=C:\Program Files\Microchip\xc8\v1.30\dat\en_msgs.txt -cs \
  -h+dist/default/production\EABproj_Function_Generator.production.sym \
  --cmf=dist/default/production\EABproj_Function_Generator.production.cmf \
  -z -Q18F26K22 -oC:\Users\MRK\AppData\Local\Temp\saj0.6 \
  -Mdist/default/production/EABproj_Function_Generator.production.map -E1 \
  -ver=XC8 -ASTACK=0E3h-09ffh -pstack=STACK -ACODE=00h-0FFFFh \
  -ACONST=00h-0FFFFh -ASMALLCONST=01000h-010FFhx240 \
  -AMEDIUMCONST=01000h-0FFFFh -ACOMRAM=01h-05Fh -AABS1=00h-0F37h \
  -ABIGRAM=01h-0F37h -ARAM=060h-0FFh,0100h-01FFhx14,0F00h-0F37h \
  -ABANK0=060h-0FFh -ABANK1=0100h-01FFh -ABANK2=0200h-02FFh \
  -ABANK3=0300h-03FFh -ABANK4=0400h-04FFh -ABANK5=0500h-05FFh \
  -ABANK6=0600h-06FFh -ABANK7=0700h-07FFh -ABANK8=0800h-08FFh \
  -ABANK9=0900h-09FFh -ABANK10=0A00h-0AFFh -ABANK11=0B00h-0BFFh \
  -ABANK12=0C00h-0CFFh -ABANK13=0D00h-0DFFh -ABANK14=0E00h-0EFFh \
  -ABANK15=0F00h-0F37h -ASFR=0F38h-0F5Fh,0F60h-0FFFh \
  -preset_vec=00h,intcode=08h,intcodelo=018h,powerup,init,end_init \
  -pramtop=01000h -psmallconst=SMALLCONST -pmediumconst=MEDIUMCONST \
  -pconst=CONST -AFARRAM=00h-00h -ACONFIG=0300000h-030000Dh -pconfig=CONFIG \
  -AIDLOC=0200000h-0200007h -pidloc=IDLOC -AEEDATA=0F00000h-0F003FFh \
  -peeprom_data=EEDATA \
  -prdata=COMRAM,nvrram=COMRAM,nvbit=COMRAM,rbss=COMRAM,rbit=COMRAM \
  -pfarbss=FARRAM,fardata=FARRAM,nvFARRAM=FARRAM \
  -pintsave_regs=BIGRAM,bigbss=BIGRAM,bigdata=BIGRAM -pbss=RAM \
  -pidata=CODE,irdata=CODE,ibigdata=CODE,ifardata=CODE \
  C:\Users\MRK\AppData\Local\Temp\saj0.obj \
  dist/default/production\EABproj_Function_Generator.production.obj 

Object code version is 3.11

Machine type is 18F26K22

Call graph: (short form)




                Name                               Link     Load   Length Selector   Space Scale
C:\Users\MRK\AppData\Local\Temp\saj0.obj
                end_init                             A2       A2        4        C       0
                reset_vec                             0        0        4        0       0
                idloc                            200000   200000        8   200000       0
                config                           300000   300000        E   300000       0
dist/default/production\EABproj_Function_Generator.production.obj
                intcodelo                            18       18       8A        C       0
                intcode                               8        8        C        4       0
                intcode_body                       1390     1390       6A        C       0
                text22                             1258     1258       A8        C       0
                text21                              FDA      FDA       E6        C       0
                text20                             14B4     14B4       3A        C       0
                text19                             15B8     15B8       12      AB7       0
                text18                              C82      C82      14C        C       0
                text17                             10C0     10C0       E0        C       0
                text16                              EEE      EEE       EC        C       0
                text15                              DCE      DCE      120        C       0
                text14                             15A6     15A6       12      AB7       0
                text13                              928      928      1B2        C       0
                text12                              58A      58A      1D8        C       0
                text11                             14EE     14EE       34        C       0
                text10                              762      762      1C6        C       0
                text9                              13FA     13FA       60        C       0
                text8                                A6       A6      304        C       0
                text7                              1300     1300       90        C       0
                text6                              1522     1522       26        C       0
                text5                               ADA      ADA      1A8        C       0
                text4                               3AA      3AA      1E0        C       0
                text3                              15CE     15CE        4      AB7       0
                text2                              15CA     15CA        4      AB7       0
                text1                              156E     156E       24      AB7       0
                text0                              11A0     11A0       B8        C       0
                cstackCOMRAM                          1        1       2A        1       1
                cstackBANK0                          60       60       54       60       1
                dataBANK0                            B4       B4       25       60       1
                bssBANK0                             D9       D9        A       60       1
                dataCOMRAM                           2B       2B       14        1       1
                bssCOMRAM                            3F       3F        2        1       1
                cinit                              145A     145A       5A        C       0
                idataBANK0                         1548     1548       25        C       0
                idataCOMRAM                        1592     1592       14      AB7       0

TOTAL           Name                               Link     Load   Length     Space
        CLASS   STACK          

        CLASS   CODE           
                end_init                             A2       A2        4         0
                intcodelo                            18       18       8A         0
                intcode                               8        8        C         0
                reset_vec                             0        0        4         0
                intcode_body                       1390     1390       6A         0
                text22                             1258     1258       A8         0
                text21                              FDA      FDA       E6         0
                text20                             14B4     14B4       3A         0
                text19                             15B8     15B8       12         0
                text18                              C82      C82      14C         0
                text17                             10C0     10C0       E0         0
                text16                              EEE      EEE       EC         0
                text15                              DCE      DCE      120         0
                text14                             15A6     15A6       12         0
                text13                              928      928      1B2         0
                text12                              58A      58A      1D8         0
                text11                             14EE     14EE       34         0
                text10                              762      762      1C6         0
                text9                              13FA     13FA       60         0
                text8                                A6       A6      304         0
                text7                              1300     1300       90         0
                text6                              1522     1522       26         0
                text5                               ADA      ADA      1A8         0
                text4                               3AA      3AA      1E0         0
                text3                              15CE     15CE        4         0
                text2                              15CA     15CA        4         0
                text1                              156E     156E       24         0
                text0                              11A0     11A0       B8         0
                cinit                              145A     145A       5A         0
                idataBANK0                         1548     1548       25         0
                idataCOMRAM                        1592     1592       14         0

        CLASS   CONST          

        CLASS   SMALLCONST     

        CLASS   MEDIUMCONST    

        CLASS   COMRAM         
                cstackCOMRAM                          1        1       2A         1
                dataCOMRAM                           2B       2B       14         1
                bssCOMRAM                            3F       3F        2         1

        CLASS   ABS1           

        CLASS   BIGRAM         

        CLASS   RAM            

        CLASS   BANK0          
                cstackBANK0                          60       60       54         1
                dataBANK0                            B4       B4       25         1
                bssBANK0                             D9       D9        A         1

        CLASS   BANK1          

        CLASS   BANK2          

        CLASS   BANK3          

        CLASS   BANK4          

        CLASS   BANK5          

        CLASS   BANK6          

        CLASS   BANK7          

        CLASS   BANK8          

        CLASS   BANK9          

        CLASS   BANK10         

        CLASS   BANK11         

        CLASS   BANK12         

        CLASS   BANK13         

        CLASS   BANK14         

        CLASS   BANK15         

        CLASS   SFR            

        CLASS   FARRAM         

        CLASS   CONFIG         
                config                           300000   300000        E         0

        CLASS   IDLOC          
                idloc                            200000   200000        8         0

        CLASS   EEDATA         



SEGMENTS        Name                           Load    Length   Top    Selector   Space  Class

                reset_vec                      000000  000004  000004         0       0  CODE    
                cstackCOMRAM                   000001  000040  000041         1       1  COMRAM  
                intcode                        000008  00000C  000014         4       0  CODE    
                intcodelo                      000018  001555  00156D         C       0  CODE    
                cstackBANK0                    000060  000083  0000E3        60       1  BANK0   
                text1                          00156E  000064  0015D2       AB7       0  CODE    
                idloc                          200000  000008  200008    200000       0  IDLOC   
                config                         300000  00000E  30000E    300000       0  CONFIG  


UNUSED ADDRESS RANGES

        Name                Unused          Largest block    Delta
        BANK0            0000E3-0000FF               1D
        BANK1            000100-0001FF              100
        BANK10           000A00-000AFF              100
        BANK11           000B00-000BFF              100
        BANK12           000C00-000CFF              100
        BANK13           000D00-000DFF              100
        BANK14           000E00-000EFF              100
        BANK15           000F00-000F37               38
        BANK2            000200-0002FF              100
        BANK3            000300-0003FF              100
        BANK4            000400-0004FF              100
        BANK5            000500-0005FF              100
        BANK6            000600-0006FF              100
        BANK7            000700-0007FF              100
        BANK8            000800-0008FF              100
        BANK9            000900-0009FF              100
        BIGRAM           000041-00005F               1F
                         0000E3-000F37              E55
        CODE             000004-000007                4
                         000014-000017                4
                         00156D-00156D                1
                         0015D2-00FFFF             EA2E
        COMRAM           000041-00005F               1F
        CONST            000004-000007                4
                         000014-000017                4
                         00156D-00156D                1
                         0015D2-00FFFF             EA2E
        EEDATA           F00000-F003FF              400
        MEDIUMCONST      00156D-00156D                1
                         0015D2-00FFFF             EA2E
        RAM              0000E3-000F37              100
        SFR              000F38-000FFF               28
        SMALLCONST       00156D-00156D                1
                         0015D2-00FFFF              100
        STACK            0000E3-0009FF              91D

                                  Symbol Table

?_GetFreq                                cstackCOMRAM 000020
?___abtoft                               cstackCOMRAM 000028
?___aldiv                                cstackCOMRAM 000020
?___altoft                               cstackBANK0  000060
?___ftadd                                cstackBANK0  000060
?___ftdiv                                cstackBANK0  000078
?___ftmul                                cstackBANK0  000069
?___ftneg                                cstackCOMRAM 000020
?___ftpack                               cstackCOMRAM 000020
?___fttol                                cstackBANK0  000087
?___lbtoft                               cstackCOMRAM 000028
?___lwtoft                               cstackCOMRAM 000028
Open1@BRGval                             cstackBANK0  000076
Open1@BaudRate                           cstackBANK0  000066
Open1@freq                               cstackBANK0  000072
Open2@BaudRate                           cstackBANK0  000066
Open2@freq                               cstackBANK0  000072
Open2@temp                               cstackBANK0  000076
PWM1_Config@F9048                        dataCOMRAM   00003B
PWM1_Config@a_Prescaler_u8               cstackBANK0  000088
PWM1_Config@v_FreqOsc_s32                cstackBANK0  00008B
PWM1_Config@v_PeriodNumber_u8            cstackBANK0  000087
PWM1_Config@v_PreScaler_u8               cstackBANK0  000092
PWM1_Position@Angle1                     cstackBANK0  0000AD
PWM1_Position@K                          cstackBANK0  0000AE
PWM1_Position@c                          cstackBANK0  0000A4
PWM1_Position@tosc                       cstackBANK0  0000A7
PWM1_Position@x                          cstackBANK0  00009B
PWM1_Position@x0                         cstackBANK0  00009E
PWM1_Position@y                          cstackBANK0  0000B0
PWM1_Position@y0                         cstackBANK0  0000A1
PWM1_SET_PulseWidth@F9054                dataBANK0    0000D6
PWM1_SET_PulseWidth@a_Prescaler_u8       cstackBANK0  00008B
PWM1_SET_PulseWidth@v_FreqOsc_s32        cstackBANK0  00008E
PWM1_SET_PulseWidth@v_PreScaler_u8       cstackBANK0  000094
PWM1_SET_PulseWidth@v_WidthNumber_u16    cstackBANK0  000087
PWM1_SET_PulseWidth@v_WidthThreshold_u16 cstackBANK0  000095
_Angle                                   bssBANK0     0000E2
_BAUDCON1bits                            (abs)        000FB8
_BAUDCON2bits                            (abs)        000F70
_CCP1CONbits                             (abs)        000FBD
_CCPR1L                                  (abs)        000FBE
_CCPTMRS0bits                            (abs)        000F49
_EnableRx1interrupt                      (abs)        000000
_EnableRx2interrupt                      (abs)        000000
_GetFreq                                 text19       0015B8
_HighPriority_InterruptHandler           intcode      000008
_INTCONbits                              (abs)        000FF2
_IPR1bits                                (abs)        000F9F
_IPR3bits                                (abs)        000FA5
_LowPriority_InterruptHandler            intcodelo    000018
_OSCCON                                  (abs)        000FD3
_OSCCON2bits                             (abs)        000FD2
_OSCCONbits                              (abs)        000FD3
_OSCTUNEbits                             (abs)        000F9B
_Open1                                   text16       000EEE
_Open2                                   text17       0010C0
_OscFreq                                 dataCOMRAM   000037
_OscFreqIndex                            dataCOMRAM   00003E
_Oscillator                              dataBANK0    0000B4
_PIE1bits                                (abs)        000F9D
_PIE3bits                                (abs)        000FA3
_PIR1bits                                (abs)        000F9E
_PIR3bits                                (abs)        000FA4
_PIR5bits                                (abs)        000F7E
_PR4                                     (abs)        000F52
_PWM1DutyCycle                           bssBANK0     0000D9
_PWM1PeriodMS                            bssBANK0     0000DC
_PWM1PulseWidthMS                        bssBANK0     0000DF
_PWM1_Config                             text15       000DCE
_PWM1_Config$2211                        cstackBANK0  00008F
_PWM1_Enable                             text14       0015A6
_PWM1_Position                           text4        0003AA
_PWM1_Position$2210                      cstackBANK0  0000AA
_PWM1_SET_PulseWidth                     text10       000762
_PWM1_SET_PulseWidth$2212                cstackBANK0  000091
_PinDirection                            (abs)        000F92
_PinFunction                             (abs)        000F38
_RC1REG                                  (abs)        000FAE
_RC2REG                                  (abs)        000F74
_RCONbits                                (abs)        000FD0
_RCSTA1bits                              (abs)        000FAB
_RCSTA2bits                              (abs)        000F71
_ReadByte1                               text2        0015CA
_ReadByte2                               text3        0015CE
_SPBRG1                                  (abs)        000FAF
_SPBRG2                                  (abs)        000F75
_SPBRGH1                                 (abs)        000FB0
_SPBRGH2                                 (abs)        000F76
_SendArray1                              (abs)        000000
_SendArray2                              (abs)        000000
_SendByte1                               (abs)        000000
_SendByte2                               (abs)        000000
_SendString1                             (abs)        000000
_SendString2                             (abs)        000000
_Serial1                                 dataCOMRAM   00002B
_Serial2                                 dataBANK0    0000CA
_SetFreq_16MHZ                           (abs)        000000
_SetFreq_1MHZ                            (abs)        000000
_SetFreq_250KHZ                          (abs)        000000
_SetFreq_2MHZ                            (abs)        000000
_SetFreq_31_25KHZ                        (abs)        000000
_SetFreq_32MHZ                           (abs)        000000
_SetFreq_4MHZ                            (abs)        000000
_SetFreq_500KHZ                          text1        00156E
_SetFreq_64MHZ                           (abs)        000000
_SetFreq_8MHZ                            (abs)        000000
_T4CONbits                               (abs)        000F51
_TX1REG                                  (abs)        000FAD
_TX2REG                                  (abs)        000F73
_TXSTA1bits                              (abs)        000FAC
_TXSTA2bits                              (abs)        000F72
__CFG_DEBUG$OFF                          (abs)        000000
__CFG_FOSC$INTIO7                        (abs)        000000
__CFG_LVP$OFF                            (abs)        000000
__CFG_WDTEN$OFF                          (abs)        000000
__HRAM                                   (abs)        000000
__Habs1                                  abs1         000000
__Hbank0                                 bank0        000000
__Hbank1                                 bank1        000000
__Hbank10                                bank10       000000
__Hbank11                                bank11       000000
__Hbank12                                bank12       000000
__Hbank13                                bank13       000000
__Hbank14                                bank14       000000
__Hbank15                                bank15       000000
__Hbank2                                 bank2        000000
__Hbank3                                 bank3        000000
__Hbank4                                 bank4        000000
__Hbank5                                 bank5        000000
__Hbank6                                 bank6        000000
__Hbank7                                 bank7        000000
__Hbank8                                 bank8        000000
__Hbank9                                 bank9        000000
__Hbigbss                                bigbss       000000
__Hbigdata                               bigdata      000000
__Hbigram                                bigram       000000
__Hbss                                   bss          000000
__HbssBANK0                              bssBANK0     000000
__HbssCOMRAM                             bssCOMRAM    000000
__Hcinit                                 cinit        000000
__Hclrtext                               clrtext      000000
__Hcomram                                comram       000000
__Hconfig                                config       30000E
__Hconst                                 const        000000
__HcstackBANK0                           cstackBANK0  000000
__HcstackCOMRAM                          cstackCOMRAM 000000
__Hdata                                  data         000000
__HdataBANK0                             dataBANK0    000000
__HdataCOMRAM                            dataCOMRAM   000000
__Heeprom_data                           eeprom_data  000000
__Hend_init                              end_init     0000A6
__Hfarbss                                farbss       000000
__Hfardata                               fardata      000000
__Hibigdata                              ibigdata     000000
__Hidata                                 idata        000000
__HidataBANK0                            idataBANK0   000000
__HidataCOMRAM                           idataCOMRAM  000000
__Hidloc                                 idloc        200008
__Hifardata                              ifardata     000000
__Hinit                                  init         0000A2
__Hintcode                               intcode      000014
__Hintcode_body                          intcode_body 000000
__Hintcodelo                             intcodelo    0000A2
__Hintentry                              intentry     000000
__Hintret                                intret       000000
__Hintsave_regs                          intsave_regs 000000
__Hirdata                                irdata       000000
__Hmediumconst                           mediumconst  000000
__HnvFARRAM                              nvFARRAM     000000
__Hnvbit                                 nvbit        000000
__Hnvrram                                nvrram       000000
__Hparam                                 rparam       000000
__Hpowerup                               powerup      0000A2
__Hram                                   ram          000000
__Hramtop                                ramtop       001000
__Hrbit                                  rbit         000000
__Hrbss                                  rbss         000000
__Hrdata                                 rdata        000000
__Hreset_vec                             reset_vec    000004
__Hrparam                                rparam       000000
__Hsfr                                   sfr          000000
__Hsmallconst                            smallconst   000000
__Hstack                                 stack        000000
__Hstruct                                struct       000000
__Htemp                                  temp         000000
__Htext                                  text         000000
__Htext0                                 text0        000000
__Htext1                                 text1        000000
__Htext10                                text10       000000
__Htext11                                text11       000000
__Htext12                                text12       000000
__Htext13                                text13       000000
__Htext14                                text14       000000
__Htext15                                text15       000000
__Htext16                                text16       000000
__Htext17                                text17       000000
__Htext18                                text18       000000
__Htext19                                text19       000000
__Htext2                                 text2        000000
__Htext20                                text20       000000
__Htext21                                text21       000000
__Htext22                                text22       000000
__Htext3                                 text3        000000
__Htext4                                 text4        000000
__Htext5                                 text5        000000
__Htext6                                 text6        000000
__Htext7                                 text7        000000
__Htext8                                 text8        000000
__Htext9                                 text9        000000
__LRAM                                   (abs)        000001
__Labs1                                  abs1         000000
__Lbank0                                 bank0        000000
__Lbank1                                 bank1        000000
__Lbank10                                bank10       000000
__Lbank11                                bank11       000000
__Lbank12                                bank12       000000
__Lbank13                                bank13       000000
__Lbank14                                bank14       000000
__Lbank15                                bank15       000000
__Lbank2                                 bank2        000000
__Lbank3                                 bank3        000000
__Lbank4                                 bank4        000000
__Lbank5                                 bank5        000000
__Lbank6                                 bank6        000000
__Lbank7                                 bank7        000000
__Lbank8                                 bank8        000000
__Lbank9                                 bank9        000000
__Lbigbss                                bigbss       000000
__Lbigdata                               bigdata      000000
__Lbigram                                bigram       000000
__Lbss                                   bss          000000
__LbssBANK0                              bssBANK0     000000
__LbssCOMRAM                             bssCOMRAM    000000
__Lcinit                                 cinit        000000
__Lclrtext                               clrtext      000000
__Lcomram                                comram       000000
__Lconfig                                config       300000
__Lconst                                 const        000000
__LcstackBANK0                           cstackBANK0  000000
__LcstackCOMRAM                          cstackCOMRAM 000000
__Ldata                                  data         000000
__LdataBANK0                             dataBANK0    000000
__LdataCOMRAM                            dataCOMRAM   000000
__Leeprom_data                           eeprom_data  000000
__Lend_init                              end_init     0000A2
__Lfarbss                                farbss       000000
__Lfardata                               fardata      000000
__Libigdata                              ibigdata     000000
__Lidata                                 idata        000000
__LidataBANK0                            idataBANK0   000000
__LidataCOMRAM                           idataCOMRAM  000000
__Lidloc                                 idloc        200000
__Lifardata                              ifardata     000000
__Linit                                  init         0000A2
__Lintcode                               intcode      000008
__Lintcode_body                          intcode_body 000000
__Lintcodelo                             intcodelo    000018
__Lintentry                              intentry     000000
__Lintret                                intret       000000
__Lintsave_regs                          intsave_regs 000000
__Lirdata                                irdata       000000
__Lmediumconst                           mediumconst  000000
__LnvFARRAM                              nvFARRAM     000000
__Lnvbit                                 nvbit        000000
__Lnvrram                                nvrram       000000
__Lparam                                 rparam       000000
__Lpowerup                               powerup      0000A2
__Lram                                   ram          000000
__Lramtop                                ramtop       001000
__Lrbit                                  rbit         000000
__Lrbss                                  rbss         000000
__Lrdata                                 rdata        000000
__Lreset_vec                             reset_vec    000000
__Lrparam                                rparam       000000
__Lsfr                                   sfr          000000
__Lsmallconst                            smallconst   000000
__Lstack                                 stack        000000
__Lstruct                                struct       000000
__Ltemp                                  temp         000000
__Ltext                                  text         000000
__Ltext0                                 text0        000000
__Ltext1                                 text1        000000
__Ltext10                                text10       000000
__Ltext11                                text11       000000
__Ltext12                                text12       000000
__Ltext13                                text13       000000
__Ltext14                                text14       000000
__Ltext15                                text15       000000
__Ltext16                                text16       000000
__Ltext17                                text17       000000
__Ltext18                                text18       000000
__Ltext19                                text19       000000
__Ltext2                                 text2        000000
__Ltext20                                text20       000000
__Ltext21                                text21       000000
__Ltext22                                text22       000000
__Ltext3                                 text3        000000
__Ltext4                                 text4        000000
__Ltext5                                 text5        000000
__Ltext6                                 text6        000000
__Ltext7                                 text7        000000
__Ltext8                                 text8        000000
__Ltext9                                 text9        000000
__S0                                     (abs)        30000E
__S1                                     (abs)        0000E3
__S2                                     (abs)        000000
___abtoft                                text9        0013FA
___abtoft@c                              cstackBANK0  000062
___abtoft@sign                           cstackBANK0  000061
___aldiv                                 text18       000C82
___aldiv@counter                         cstackBANK0  000060
___aldiv@dividend                        cstackCOMRAM 000020
___aldiv@divisor                         cstackCOMRAM 000024
___aldiv@quotient                        cstackBANK0  000062
___aldiv@sign                            cstackBANK0  000061
___altoft                                text21       000FDA
___altoft@c                              cstackBANK0  000060
___altoft@exp                            cstackCOMRAM 000028
___altoft@sign                           cstackCOMRAM 000029
___ftadd                                 text8        0000A6
___ftadd@exp1                            cstackBANK0  000068
___ftadd@exp2                            cstackBANK0  000067
___ftadd@f1                              cstackBANK0  000060
___ftadd@f2                              cstackBANK0  000063
___ftadd@sign                            cstackBANK0  000066
___ftdiv                                 text13       000928
___ftdiv@cntr                            cstackBANK0  000081
___ftdiv@exp                             cstackBANK0  000085
___ftdiv@f1                              cstackBANK0  000078
___ftdiv@f2                              cstackBANK0  00007B
___ftdiv@f3                              cstackBANK0  000082
___ftdiv@sign                            cstackBANK0  000086
___ftge                                  text7        001300
___ftge@ff1                              cstackCOMRAM 000020
___ftge@ff2                              cstackCOMRAM 000023
___ftmul                                 text12       00058A
___ftmul@cntr                            cstackBANK0  000076
___ftmul@exp                             cstackBANK0  000072
___ftmul@f1                              cstackBANK0  000069
___ftmul@f2                              cstackBANK0  00006C
___ftmul@f3_as_product                   cstackBANK0  000073
___ftmul@sign                            cstackBANK0  000077
___ftneg                                 text6        001522
___ftneg@f1                              cstackCOMRAM 000020
___ftpack                                text22       001258
___ftpack@arg                            cstackCOMRAM 000020
___ftpack@exp                            cstackCOMRAM 000023
___ftpack@sign                           cstackCOMRAM 000024
___fttol                                 text5        000ADA
___fttol@exp1                            cstackBANK0  000095
___fttol@f1                              cstackBANK0  000087
___fttol@lval                            cstackBANK0  000091
___fttol@sign1                           cstackBANK0  000090
___inthi_sp                              stack        000000
___intlo_sp                              stack        000000
___lbtoft                                text20       0014B4
___lbtoft@c                              cstackBANK0  000062
___lwtoft                                text11       0014EE
___lwtoft@c                              cstackCOMRAM 000028
___sp                                    stack        000000
__accesstop                              (abs)        000060
__activetblptr                           (abs)        000002
__end_of_GetFreq                         text19       0015CA
__end_of_HighPriority_InterruptHandler   intcode_body 0013FA
__end_of_LowPriority_InterruptHandler    intcodelo    0000A2
__end_of_Open1                           text16       000FDA
__end_of_Open2                           text17       0011A0
__end_of_PWM1_Config                     text15       000EEE
__end_of_PWM1_Enable                     text14       0015B8
__end_of_PWM1_Position                   text4        00058A
__end_of_PWM1_SET_PulseWidth             text10       000928
__end_of_ReadByte1                       text2        0015CE
__end_of_ReadByte2                       text3        0015D2
__end_of_SetFreq_500KHZ                  text1        001592
__end_of___abtoft                        text9        00145A
__end_of___aldiv                         text18       000DCE
__end_of___altoft                        text21       0010C0
__end_of___ftadd                         text8        0003AA
__end_of___ftdiv                         text13       000ADA
__end_of___ftge                          text7        001390
__end_of___ftmul                         text12       000762
__end_of___ftneg                         text6        001548
__end_of___ftpack                        text22       001300
__end_of___fttol                         text5        000C82
__end_of___lbtoft                        text20       0014EE
__end_of___lwtoft                        text11       001522
__end_of__initialization                 cinit        0014AA
__end_of_main                            text0        001258
__initialization                         cinit        00145A
__mediumconst                            mediumconst  000000
__pbssBANK0                              bssBANK0     0000D9
__pbssCOMRAM                             bssCOMRAM    00003F
__pcinit                                 cinit        00145A
__pcstackBANK0                           cstackBANK0  000060
__pcstackCOMRAM                          cstackCOMRAM 000001
__pdataBANK0                             dataBANK0    0000B4
__pdataCOMRAM                            dataCOMRAM   00002B
__pidataBANK0                            idataBANK0   001548
__pidataCOMRAM                           idataCOMRAM  001592
__pintcode                               intcode      000008
__pintcode_body                          intcode_body 001390
__pintcodelo                             intcodelo    000018
__ptext0                                 text0        0011A0
__ptext1                                 text1        00156E
__ptext10                                text10       000762
__ptext11                                text11       0014EE
__ptext12                                text12       00058A
__ptext13                                text13       000928
__ptext14                                text14       0015A6
__ptext15                                text15       000DCE
__ptext16                                text16       000EEE
__ptext17                                text17       0010C0
__ptext18                                text18       000C82
__ptext19                                text19       0015B8
__ptext2                                 text2        0015CA
__ptext20                                text20       0014B4
__ptext21                                text21       000FDA
__ptext22                                text22       001258
__ptext3                                 text3        0015CE
__ptext4                                 text4        0003AA
__ptext5                                 text5        000ADA
__ptext6                                 text6        001522
__ptext7                                 text7        001300
__ptext8                                 text8        0000A6
__ptext9                                 text9        0013FA
__ramtop                                 ramtop       001000
__size_of_GetFreq                        (abs)        000000
__size_of_HighPriority_InterruptHandler  (abs)        000000
__size_of_LowPriority_InterruptHandler   (abs)        000000
__size_of_Open1                          (abs)        000000
__size_of_Open2                          (abs)        000000
__size_of_PWM1_Config                    (abs)        000000
__size_of_PWM1_Enable                    (abs)        000000
__size_of_PWM1_Position                  (abs)        000000
__size_of_PWM1_SET_PulseWidth            (abs)        000000
__size_of_ReadByte1                      (abs)        000000
__size_of_ReadByte2                      (abs)        000000
__size_of_SetFreq_500KHZ                 (abs)        000000
__size_of___abtoft                       (abs)        000000
__size_of___aldiv                        (abs)        000000
__size_of___altoft                       (abs)        000000
__size_of___ftadd                        (abs)        000000
__size_of___ftdiv                        (abs)        000000
__size_of___ftge                         (abs)        000000
__size_of___ftmul                        (abs)        000000
__size_of___ftneg                        (abs)        000000
__size_of___ftpack                       (abs)        000000
__size_of___fttol                        (abs)        000000
__size_of___lbtoft                       (abs)        000000
__size_of___lwtoft                       (abs)        000000
__size_of_main                           (abs)        000000
__smallconst                             smallconst   000000
_delayCount                              bssCOMRAM    00003F
_main                                    text0        0011A0
end_of_initialization                    cinit        0014AA
int_func                                 intcode_body 001390
intlevel0                                text         000000
intlevel1                                text         000000
intlevel2                                text         000000
intlevel3                                text         000000
stackhi                                  (abs)        0009FF
stacklo                                  (abs)        0000E3
start                                    init         0000A2
start_initialization                     cinit        00145A


FUNCTION INFORMATION:

 *************** function _main *****************
 Defined at:
		line 29 in file "main.c"
 Parameters:    Size  Location     Type
		None
 Auto vars:     Size  Location     Type
		None
 Return value:  Size  Location     Type
		None               void
 Registers used:
		wreg, fsr0l, fsr0h, fsr1l, fsr1h, fsr1l, fsr1h, fsr2l, fsr2h, status,2, status,0, pclat, btemp, btemp+1, btemp+2, btemp+3, btemp+4, btemp+5, btemp+6, btemp+7, btemp+8, btemp+9, btemp+10, btemp+11, tosl, structret, tblptrl, tblptrh, tblptru, prodl, prodh, bsr, cstack
 Tracked objects:
		On entry : 
		On exit  : 
		Unchanged: 
 Data sizes:     COMRAM   BANK0   BANK1   BANK2   BANK3   BANK4   BANK5   BANK6   BANK7   BANK8   BANK9  BANK10  BANK11  BANK12  BANK13  BANK14  BANK15
      Params:         0       0       0       0       0       0       0       0       0       0       0       0       0       0       0       0       0
      Locals:         0       0       0       0       0       0       0       0       0       0       0       0       0       0       0       0       0
      Temps:          0       1       0       0       0       0       0       0       0       0       0       0       0       0       0       0       0
      Totals:         0       1       0       0       0       0       0       0       0       0       0       0       0       0       0       0       0
Total ram usage:        1 bytes
 Hardware stack levels required when called:    6
 This function calls:
		_Open1
		_Open2
		_PWM1_Config
		_PWM1_Enable
		_PWM1_Position
		_PWM1_SET_PulseWidth
		_ReadByte1
		_ReadByte2
		_SetFreq_500KHZ
 This function is called by:
		Startup code after reset
 This function uses a non-reentrant model


 *************** function _SetFreq_500KHZ *****************
 Defined at:
		line 52 in file "EAB_Oscillator.c"
 Parameters:    Size  Location     Type
		None
 Auto vars:     Size  Location     Type
		None
 Return value:  Size  Location     Type
                  1    wreg      unsigned char 
 Registers used:
		wreg, status,2, status,0
 Tracked objects:
		On entry : 
		On exit  : 
		Unchanged: 
 Data sizes:     COMRAM   BANK0   BANK1   BANK2   BANK3   BANK4   BANK5   BANK6   BANK7   BANK8   BANK9  BANK10  BANK11  BANK12  BANK13  BANK14  BANK15
      Params:         0       0       0       0       0       0       0       0       0       0       0       0       0       0       0       0       0
      Locals:         0       0       0       0       0       0       0       0       0       0       0       0       0       0       0       0       0
      Temps:          1       0       0       0       0       0       0       0       0       0       0       0       0       0       0       0       0
      Totals:         1       0       0       0       0       0       0       0       0       0       0       0       0       0       0       0       0
Total ram usage:        1 bytes
 Hardware stack levels used:    1
 Hardware stack levels required when called:    2
 This function calls:
		Nothing
 This function is called by:
		_main
 This function uses a non-reentrant model


 *************** function _ReadByte1 *****************
 Defined at:
		line 159 in file "EAB_Serial.c"
 Parameters:    Size  Location     Type
		None
 Auto vars:     Size  Location     Type
		None
 Return value:  Size  Location     Type
                  1    wreg      unsigned char 
 Registers used:
		wreg, status,2
 Tracked objects:
		On entry : 
		On exit  : 
		Unchanged: 
 Data sizes:     COMRAM   BANK0   BANK1   BANK2   BANK3   BANK4   BANK5   BANK6   BANK7   BANK8   BANK9  BANK10  BANK11  BANK12  BANK13  BANK14  BANK15
      Params:         0       0       0       0       0       0       0       0       0       0       0       0       0       0       0       0       0
      Locals:         0       0       0       0       0       0       0       0       0       0       0       0       0       0       0       0       0
      Temps:          0       0       0       0       0       0       0       0       0       0       0       0       0       0       0       0       0
      Totals:         0       0       0       0       0       0       0       0       0       0       0       0       0       0       0       0       0
Total ram usage:        0 bytes
 Hardware stack levels used:    1
 Hardware stack levels required when called:    2
 This function calls:
		Nothing
 This function is called by:
		_main
 This function uses a non-reentrant model


 *************** function _ReadByte2 *****************
 Defined at:
		line 164 in file "EAB_Serial.c"
 Parameters:    Size  Location     Type
		None
 Auto vars:     Size  Location     Type
		None
 Return value:  Size  Location     Type
                  1    wreg      unsigned char 
 Registers used:
		wreg, status,2
 Tracked objects:
		On entry : 
		On exit  : 
		Unchanged: 
 Data sizes:     COMRAM   BANK0   BANK1   BANK2   BANK3   BANK4   BANK5   BANK6   BANK7   BANK8   BANK9  BANK10  BANK11  BANK12  BANK13  BANK14  BANK15
      Params:         0       0       0       0       0       0       0       0       0       0       0       0       0       0       0       0       0
      Locals:         0       0       0       0       0       0       0       0       0       0       0       0       0       0       0       0       0
      Temps:          0       0       0       0       0       0       0       0       0       0       0       0       0       0       0       0       0
      Totals:         0       0       0       0       0       0       0       0       0       0       0       0       0       0       0       0       0
Total ram usage:        0 bytes
 Hardware stack levels used:    1
 Hardware stack levels required when called:    2
 This function calls:
		Nothing
 This function is called by:
		_main
 This function uses a non-reentrant model


 *************** function _PWM1_Position *****************
 Defined at:
		line 54 in file "main.c"
 Parameters:    Size  Location     Type
  Angle1          1    wreg     char 
 Auto vars:     Size  Location     Type
  Angle1          1   77[BANK0 ] char 
  y               3   80[BANK0 ] float 
  tosc            3   71[BANK0 ] float 
  c               3   68[BANK0 ] float 
  y0              3   65[BANK0 ] float 
  x0              3   62[BANK0 ] float 
  x               3   59[BANK0 ] float 
  K               2   78[BANK0 ] unsigned int 
 Return value:  Size  Location     Type
		None               void
 Registers used:
		wreg, fsr2l, fsr2h, status,2, status,0, prodl, prodh, cstack
 Tracked objects:
		On entry : 
		On exit  : 
		Unchanged: 
 Data sizes:     COMRAM   BANK0   BANK1   BANK2   BANK3   BANK4   BANK5   BANK6   BANK7   BANK8   BANK9  BANK10  BANK11  BANK12  BANK13  BANK14  BANK15
      Params:         0       0       0       0       0       0       0       0       0       0       0       0       0       0       0       0       0
      Locals:         0      24       0       0       0       0       0       0       0       0       0       0       0       0       0       0       0
      Temps:          0       4       0       0       0       0       0       0       0       0       0       0       0       0       0       0       0
      Totals:         0      28       0       0       0       0       0       0       0       0       0       0       0       0       0       0       0
Total ram usage:       28 bytes
 Hardware stack levels used:    1
 Hardware stack levels required when called:    5
 This function calls:
		_PWM1_SET_PulseWidth
		___abtoft
		___ftadd
		___ftdiv
		___ftge
		___ftmul
		___ftneg
		___fttol
 This function is called by:
		_main
 This function uses a non-reentrant model


 *************** function ___fttol *****************
 Defined at:
		line 44 in file "C:\Program Files\Microchip\xc8\v1.30\sources\common\fttol.c"
 Parameters:    Size  Location     Type
  f1              3   39[BANK0 ] float 
 Auto vars:     Size  Location     Type
  lval            4   49[BANK0 ] unsigned long 
  exp1            1   53[BANK0 ] unsigned char 
  sign1           1   48[BANK0 ] unsigned char 
 Return value:  Size  Location     Type
                  4   39[BANK0 ] long 
 Registers used:
		wreg, status,2, status,0
 Tracked objects:
		On entry : 
		On exit  : 
		Unchanged: 
 Data sizes:     COMRAM   BANK0   BANK1   BANK2   BANK3   BANK4   BANK5   BANK6   BANK7   BANK8   BANK9  BANK10  BANK11  BANK12  BANK13  BANK14  BANK15
      Params:         0       4       0       0       0       0       0       0       0       0       0       0       0       0       0       0       0
      Locals:         0       6       0       0       0       0       0       0       0       0       0       0       0       0       0       0       0
      Temps:          0       5       0       0       0       0       0       0       0       0       0       0       0       0       0       0       0
      Totals:         0      15       0       0       0       0       0       0       0       0       0       0       0       0       0       0       0
Total ram usage:       15 bytes
 Hardware stack levels used:    1
 Hardware stack levels required when called:    2
 This function calls:
		Nothing
 This function is called by:
		_PWM1_Position
 This function uses a non-reentrant model


 *************** function ___ftneg *****************
 Defined at:
		line 15 in file "C:\Program Files\Microchip\xc8\v1.30\sources\common\ftneg.c"
 Parameters:    Size  Location     Type
  f1              3   31[COMRAM] float 
 Auto vars:     Size  Location     Type
		None
 Return value:  Size  Location     Type
                  3   31[COMRAM] float 
 Registers used:
		wreg, status,2, status,0
 Tracked objects:
		On entry : 
		On exit  : 
		Unchanged: 
 Data sizes:     COMRAM   BANK0   BANK1   BANK2   BANK3   BANK4   BANK5   BANK6   BANK7   BANK8   BANK9  BANK10  BANK11  BANK12  BANK13  BANK14  BANK15
      Params:         3       0       0       0       0       0       0       0       0       0       0       0       0       0       0       0       0
      Locals:         0       0       0       0       0       0       0       0       0       0       0       0       0       0       0       0       0
      Temps:          0       0       0       0       0       0       0       0       0       0       0       0       0       0       0       0       0
      Totals:         3       0       0       0       0       0       0       0       0       0       0       0       0       0       0       0       0
Total ram usage:        3 bytes
 Hardware stack levels used:    1
 Hardware stack levels required when called:    2
 This function calls:
		Nothing
 This function is called by:
		_PWM1_Position
 This function uses a non-reentrant model


 *************** function ___ftge *****************
 Defined at:
		line 4 in file "C:\Program Files\Microchip\xc8\v1.30\sources\common\ftge.c"
 Parameters:    Size  Location     Type
  ff1             3   31[COMRAM] float 
  ff2             3   34[COMRAM] float 
 Auto vars:     Size  Location     Type
		None
 Return value:  Size  Location     Type
		None               void
 Registers used:
		wreg, status,2, status,0
 Tracked objects:
		On entry : 
		On exit  : 
		Unchanged: 
 Data sizes:     COMRAM   BANK0   BANK1   BANK2   BANK3   BANK4   BANK5   BANK6   BANK7   BANK8   BANK9  BANK10  BANK11  BANK12  BANK13  BANK14  BANK15
      Params:         6       0       0       0       0       0       0       0       0       0       0       0       0       0       0       0       0
      Locals:         0       0       0       0       0       0       0       0       0       0       0       0       0       0       0       0       0
      Temps:          3       0       0       0       0       0       0       0       0       0       0       0       0       0       0       0       0
      Totals:         9       0       0       0       0       0       0       0       0       0       0       0       0       0       0       0       0
Total ram usage:        9 bytes
 Hardware stack levels used:    1
 Hardware stack levels required when called:    2
 This function calls:
		Nothing
 This function is called by:
		_PWM1_Position
 This function uses a non-reentrant model


 *************** function ___ftadd *****************
 Defined at:
		line 86 in file "C:\Program Files\Microchip\xc8\v1.30\sources\common\ftadd.c"
 Parameters:    Size  Location     Type
  f1              3    0[BANK0 ] float 
  f2              3    3[BANK0 ] float 
 Auto vars:     Size  Location     Type
  exp1            1    8[BANK0 ] unsigned char 
  exp2            1    7[BANK0 ] unsigned char 
  sign            1    6[BANK0 ] unsigned char 
 Return value:  Size  Location     Type
                  3    0[BANK0 ] float 
 Registers used:
		wreg, status,2, status,0, cstack
 Tracked objects:
		On entry : 
		On exit  : 
		Unchanged: 
 Data sizes:     COMRAM   BANK0   BANK1   BANK2   BANK3   BANK4   BANK5   BANK6   BANK7   BANK8   BANK9  BANK10  BANK11  BANK12  BANK13  BANK14  BANK15
      Params:         0       6       0       0       0       0       0       0       0       0       0       0       0       0       0       0       0
      Locals:         0       3       0       0       0       0       0       0       0       0       0       0       0       0       0       0       0
      Temps:          3       0       0       0       0       0       0       0       0       0       0       0       0       0       0       0       0
      Totals:         3       9       0       0       0       0       0       0       0       0       0       0       0       0       0       0       0
Total ram usage:       12 bytes
 Hardware stack levels used:    1
 Hardware stack levels required when called:    3
 This function calls:
		___ftpack
 This function is called by:
		_PWM1_Position
 This function uses a non-reentrant model


 *************** function ___abtoft *****************
 Defined at:
		line 33 in file "C:\Program Files\Microchip\xc8\v1.30\sources\common\abtoft.c"
 Parameters:    Size  Location     Type
  c               1    wreg     char 
 Auto vars:     Size  Location     Type
  c               1    2[BANK0 ] char 
  f1              3    0        float 
  sign            1    1[BANK0 ] unsigned char 
 Return value:  Size  Location     Type
                  3   39[COMRAM] float 
 Registers used:
		wreg, status,2, status,0, cstack
 Tracked objects:
		On entry : 
		On exit  : 
		Unchanged: 
 Data sizes:     COMRAM   BANK0   BANK1   BANK2   BANK3   BANK4   BANK5   BANK6   BANK7   BANK8   BANK9  BANK10  BANK11  BANK12  BANK13  BANK14  BANK15
      Params:         3       0       0       0       0       0       0       0       0       0       0       0       0       0       0       0       0
      Locals:         0       2       0       0       0       0       0       0       0       0       0       0       0       0       0       0       0
      Temps:          0       1       0       0       0       0       0       0       0       0       0       0       0       0       0       0       0
      Totals:         3       3       0       0       0       0       0       0       0       0       0       0       0       0       0       0       0
Total ram usage:        6 bytes
 Hardware stack levels used:    1
 Hardware stack levels required when called:    3
 This function calls:
		___ftpack
 This function is called by:
		_PWM1_Position
 This function uses a non-reentrant model


 *************** function _PWM1_SET_PulseWidth *****************
 Defined at:
		line 97 in file "main.c"
 Parameters:    Size  Location     Type
  v_WidthNumbe    2   39[BANK0 ] unsigned short 
 Auto vars:     Size  Location     Type
  a_Prescaler_    3   43[BANK0 ] unsigned char [3]
  v_FreqOsc_s3    3   46[BANK0 ] float 
  v_WidthThres    2   53[BANK0 ] unsigned short 
  v_PreScaler_    1   52[BANK0 ] unsigned char 
 Return value:  Size  Location     Type
		None               void
 Registers used:
		wreg, fsr2l, fsr2h, status,2, status,0, prodl, prodh, cstack
 Tracked objects:
		On entry : 
		On exit  : 
		Unchanged: 
 Data sizes:     COMRAM   BANK0   BANK1   BANK2   BANK3   BANK4   BANK5   BANK6   BANK7   BANK8   BANK9  BANK10  BANK11  BANK12  BANK13  BANK14  BANK15
      Params:         0       2       0       0       0       0       0       0       0       0       0       0       0       0       0       0       0
      Locals:         0      12       0       0       0       0       0       0       0       0       0       0       0       0       0       0       0
      Temps:          0       2       0       0       0       0       0       0       0       0       0       0       0       0       0       0       0
      Totals:         0      16       0       0       0       0       0       0       0       0       0       0       0       0       0       0       0
Total ram usage:       16 bytes
 Hardware stack levels used:    1
 Hardware stack levels required when called:    4
 This function calls:
		___ftdiv
		___ftmul
		___lbtoft
		___lwtoft
 This function is called by:
		_main
		_PWM1_Position
 This function uses a non-reentrant model


 *************** function ___lwtoft *****************
 Defined at:
		line 28 in file "C:\Program Files\Microchip\xc8\v1.30\sources\common\lwtoft.c"
 Parameters:    Size  Location     Type
  c               2   39[COMRAM] unsigned int 
 Auto vars:     Size  Location     Type
		None
 Return value:  Size  Location     Type
                  3   39[COMRAM] float 
 Registers used:
		wreg, status,2, status,0, cstack
 Tracked objects:
		On entry : 
		On exit  : 
		Unchanged: 
 Data sizes:     COMRAM   BANK0   BANK1   BANK2   BANK3   BANK4   BANK5   BANK6   BANK7   BANK8   BANK9  BANK10  BANK11  BANK12  BANK13  BANK14  BANK15
      Params:         3       0       0       0       0       0       0       0       0       0       0       0       0       0       0       0       0
      Locals:         0       0       0       0       0       0       0       0       0       0       0       0       0       0       0       0       0
      Temps:          0       2       0       0       0       0       0       0       0       0       0       0       0       0       0       0       0
      Totals:         3       2       0       0       0       0       0       0       0       0       0       0       0       0       0       0       0
Total ram usage:        5 bytes
 Hardware stack levels used:    1
 Hardware stack levels required when called:    3
 This function calls:
		___ftpack
 This function is called by:
		_PWM1_SET_PulseWidth
 This function uses a non-reentrant model


 *************** function ___ftmul *****************
 Defined at:
		line 51 in file "C:\Program Files\Microchip\xc8\v1.30\sources\common\ftmul.c"
 Parameters:    Size  Location     Type
  f1              3    9[BANK0 ] float 
  f2              3   12[BANK0 ] float 
 Auto vars:     Size  Location     Type
  f3_as_produc    3   19[BANK0 ] unsigned um
  sign            1   23[BANK0 ] unsigned char 
  cntr            1   22[BANK0 ] unsigned char 
  exp             1   18[BANK0 ] unsigned char 
 Return value:  Size  Location     Type
                  3    9[BANK0 ] float 
 Registers used:
		wreg, status,2, status,0, cstack
 Tracked objects:
		On entry : 
		On exit  : 
		Unchanged: 
 Data sizes:     COMRAM   BANK0   BANK1   BANK2   BANK3   BANK4   BANK5   BANK6   BANK7   BANK8   BANK9  BANK10  BANK11  BANK12  BANK13  BANK14  BANK15
      Params:         0       6       0       0       0       0       0       0       0       0       0       0       0       0       0       0       0
      Locals:         0       6       0       0       0       0       0       0       0       0       0       0       0       0       0       0       0
      Temps:          0       3       0       0       0       0       0       0       0       0       0       0       0       0       0       0       0
      Totals:         0      15       0       0       0       0       0       0       0       0       0       0       0       0       0       0       0
Total ram usage:       15 bytes
 Hardware stack levels used:    1
 Hardware stack levels required when called:    3
 This function calls:
		___ftpack
 This function is called by:
		_PWM1_Position
		_PWM1_Config
		_PWM1_SET_PulseWidth
 This function uses a non-reentrant model


 *************** function ___ftdiv *****************
 Defined at:
		line 49 in file "C:\Program Files\Microchip\xc8\v1.30\sources\common\ftdiv.c"
 Parameters:    Size  Location     Type
  f1              3   24[BANK0 ] float 
  f2              3   27[BANK0 ] float 
 Auto vars:     Size  Location     Type
  f3              3   34[BANK0 ] float 
  sign            1   38[BANK0 ] unsigned char 
  exp             1   37[BANK0 ] unsigned char 
  cntr            1   33[BANK0 ] unsigned char 
 Return value:  Size  Location     Type
                  3   24[BANK0 ] float 
 Registers used:
		wreg, status,2, status,0, cstack
 Tracked objects:
		On entry : 
		On exit  : 
		Unchanged: 
 Data sizes:     COMRAM   BANK0   BANK1   BANK2   BANK3   BANK4   BANK5   BANK6   BANK7   BANK8   BANK9  BANK10  BANK11  BANK12  BANK13  BANK14  BANK15
      Params:         0       6       0       0       0       0       0       0       0       0       0       0       0       0       0       0       0
      Locals:         0       6       0       0       0       0       0       0       0       0       0       0       0       0       0       0       0
      Temps:          0       3       0       0       0       0       0       0       0       0       0       0       0       0       0       0       0
      Totals:         0      15       0       0       0       0       0       0       0       0       0       0       0       0       0       0       0
Total ram usage:       15 bytes
 Hardware stack levels used:    1
 Hardware stack levels required when called:    3
 This function calls:
		___ftpack
 This function is called by:
		_PWM1_Position
		_PWM1_Config
		_PWM1_SET_PulseWidth
 This function uses a non-reentrant model


 *************** function _PWM1_Enable *****************
 Defined at:
		line 119 in file "main.c"
 Parameters:    Size  Location     Type
		None
 Auto vars:     Size  Location     Type
		None
 Return value:  Size  Location     Type
		None               void
 Registers used:
		None
 Tracked objects:
		On entry : 
		On exit  : 
		Unchanged: 
 Data sizes:     COMRAM   BANK0   BANK1   BANK2   BANK3   BANK4   BANK5   BANK6   BANK7   BANK8   BANK9  BANK10  BANK11  BANK12  BANK13  BANK14  BANK15
      Params:         0       0       0       0       0       0       0       0       0       0       0       0       0       0       0       0       0
      Locals:         0       0       0       0       0       0       0       0       0       0       0       0       0       0       0       0       0
      Temps:          0       0       0       0       0       0       0       0       0       0       0       0       0       0       0       0       0
      Totals:         0       0       0       0       0       0       0       0       0       0       0       0       0       0       0       0       0
Total ram usage:        0 bytes
 Hardware stack levels used:    1
 Hardware stack levels required when called:    2
 This function calls:
		Nothing
 This function is called by:
		_main
 This function uses a non-reentrant model


 *************** function _PWM1_Config *****************
 Defined at:
		line 79 in file "main.c"
 Parameters:    Size  Location     Type
  v_PreScaler_    1    wreg     unsigned char 
  v_PeriodNumb    1   39[BANK0 ] unsigned char 
 Auto vars:     Size  Location     Type
  v_PreScaler_    1   50[BANK0 ] unsigned char 
  v_FreqOsc_s3    4   43[BANK0 ] long 
  a_Prescaler_    3   40[BANK0 ] unsigned char [3]
 Return value:  Size  Location     Type
		None               void
 Registers used:
		wreg, fsr2l, fsr2h, status,2, status,0, prodl, prodh, cstack
 Tracked objects:
		On entry : 
		On exit  : 
		Unchanged: 
 Data sizes:     COMRAM   BANK0   BANK1   BANK2   BANK3   BANK4   BANK5   BANK6   BANK7   BANK8   BANK9  BANK10  BANK11  BANK12  BANK13  BANK14  BANK15
      Params:         0       1       0       0       0       0       0       0       0       0       0       0       0       0       0       0       0
      Locals:         0      11       0       0       0       0       0       0       0       0       0       0       0       0       0       0       0
      Temps:          0       0       0       0       0       0       0       0       0       0       0       0       0       0       0       0       0
      Totals:         0      12       0       0       0       0       0       0       0       0       0       0       0       0       0       0       0
Total ram usage:       12 bytes
 Hardware stack levels used:    1
 Hardware stack levels required when called:    4
 This function calls:
		___altoft
		___ftdiv
		___ftmul
		___lbtoft
 This function is called by:
		_main
 This function uses a non-reentrant model


 *************** function _Open1 *****************
 Defined at:
		line 33 in file "EAB_Serial.c"
 Parameters:    Size  Location     Type
  BaudRate        4    6[BANK0 ] long 
 Auto vars:     Size  Location     Type
  freq            4   18[BANK0 ] long 
  BRGval          2   22[BANK0 ] int 
 Return value:  Size  Location     Type
                  1    wreg      unsigned char 
 Registers used:
		wreg, fsr2l, fsr2h, status,2, status,0, pclat, tosl, cstack
 Tracked objects:
		On entry : 
		On exit  : 
		Unchanged: 
 Data sizes:     COMRAM   BANK0   BANK1   BANK2   BANK3   BANK4   BANK5   BANK6   BANK7   BANK8   BANK9  BANK10  BANK11  BANK12  BANK13  BANK14  BANK15
      Params:         0       4       0       0       0       0       0       0       0       0       0       0       0       0       0       0       0
      Locals:         0       6       0       0       0       0       0       0       0       0       0       0       0       0       0       0       0
      Temps:          0       8       0       0       0       0       0       0       0       0       0       0       0       0       0       0       0
      Totals:         0      18       0       0       0       0       0       0       0       0       0       0       0       0       0       0       0
Total ram usage:       18 bytes
 Hardware stack levels used:    1
 Hardware stack levels required when called:    3
 This function calls:
		_GetFreq
		___aldiv
 This function is called by:
		_main
 This function uses a non-reentrant model


 *************** function _Open2 *****************
 Defined at:
		line 61 in file "EAB_Serial.c"
 Parameters:    Size  Location     Type
  BaudRate        4    6[BANK0 ] long 
 Auto vars:     Size  Location     Type
  freq            4   18[BANK0 ] long 
  temp            2   22[BANK0 ] int 
 Return value:  Size  Location     Type
                  1    wreg      unsigned char 
 Registers used:
		wreg, fsr2l, fsr2h, status,2, status,0, pclat, tosl, cstack
 Tracked objects:
		On entry : 
		On exit  : 
		Unchanged: 
 Data sizes:     COMRAM   BANK0   BANK1   BANK2   BANK3   BANK4   BANK5   BANK6   BANK7   BANK8   BANK9  BANK10  BANK11  BANK12  BANK13  BANK14  BANK15
      Params:         0       4       0       0       0       0       0       0       0       0       0       0       0       0       0       0       0
      Locals:         0       6       0       0       0       0       0       0       0       0       0       0       0       0       0       0       0
      Temps:          0       8       0       0       0       0       0       0       0       0       0       0       0       0       0       0       0
      Totals:         0      18       0       0       0       0       0       0       0       0       0       0       0       0       0       0       0
Total ram usage:       18 bytes
 Hardware stack levels used:    1
 Hardware stack levels required when called:    3
 This function calls:
		_GetFreq
		___aldiv
 This function is called by:
		_main
 This function uses a non-reentrant model


 *************** function ___aldiv *****************
 Defined at:
		line 8 in file "C:\Program Files\Microchip\xc8\v1.30\sources\common\aldiv.c"
 Parameters:    Size  Location     Type
  dividend        4   31[COMRAM] long 
  divisor         4   35[COMRAM] long 
 Auto vars:     Size  Location     Type
  quotient        4    2[BANK0 ] long 
  sign            1    1[BANK0 ] unsigned char 
  counter         1    0[BANK0 ] unsigned char 
 Return value:  Size  Location     Type
                  4   31[COMRAM] long 
 Registers used:
		wreg, status,2, status,0
 Tracked objects:
		On entry : 
		On exit  : 
		Unchanged: 
 Data sizes:     COMRAM   BANK0   BANK1   BANK2   BANK3   BANK4   BANK5   BANK6   BANK7   BANK8   BANK9  BANK10  BANK11  BANK12  BANK13  BANK14  BANK15
      Params:         8       0       0       0       0       0       0       0       0       0       0       0       0       0       0       0       0
      Locals:         0       6       0       0       0       0       0       0       0       0       0       0       0       0       0       0       0
      Temps:          1       0       0       0       0       0       0       0       0       0       0       0       0       0       0       0       0
      Totals:         9       6       0       0       0       0       0       0       0       0       0       0       0       0       0       0       0
Total ram usage:       15 bytes
 Hardware stack levels used:    1
 Hardware stack levels required when called:    2
 This function calls:
		Nothing
 This function is called by:
		_Open1
		_Open2
 This function uses a non-reentrant model


 *************** function _GetFreq *****************
 Defined at:
		line 128 in file "EAB_Oscillator.c"
 Parameters:    Size  Location     Type
		None
 Auto vars:     Size  Location     Type
		None
 Return value:  Size  Location     Type
                  4   31[COMRAM] long 
 Registers used:
		None
 Tracked objects:
		On entry : 
		On exit  : 
		Unchanged: 
 Data sizes:     COMRAM   BANK0   BANK1   BANK2   BANK3   BANK4   BANK5   BANK6   BANK7   BANK8   BANK9  BANK10  BANK11  BANK12  BANK13  BANK14  BANK15
      Params:         4       0       0       0       0       0       0       0       0       0       0       0       0       0       0       0       0
      Locals:         0       0       0       0       0       0       0       0       0       0       0       0       0       0       0       0       0
      Temps:          0       0       0       0       0       0       0       0       0       0       0       0       0       0       0       0       0
      Totals:         4       0       0       0       0       0       0       0       0       0       0       0       0       0       0       0       0
Total ram usage:        4 bytes
 Hardware stack levels used:    1
 Hardware stack levels required when called:    2
 This function calls:
		Nothing
 This function is called by:
		_Open1
		_Open2
 This function uses a non-reentrant model


 *************** function ___lbtoft *****************
 Defined at:
		line 27 in file "C:\Program Files\Microchip\xc8\v1.30\sources\common\lbtoft.c"
 Parameters:    Size  Location     Type
  c               1    wreg     unsigned char 
 Auto vars:     Size  Location     Type
  c               1    2[BANK0 ] unsigned char 
 Return value:  Size  Location     Type
                  3   39[COMRAM] float 
 Registers used:
		wreg, status,2, status,0, cstack
 Tracked objects:
		On entry : 
		On exit  : 
		Unchanged: 
 Data sizes:     COMRAM   BANK0   BANK1   BANK2   BANK3   BANK4   BANK5   BANK6   BANK7   BANK8   BANK9  BANK10  BANK11  BANK12  BANK13  BANK14  BANK15
      Params:         3       0       0       0       0       0       0       0       0       0       0       0       0       0       0       0       0
      Locals:         0       1       0       0       0       0       0       0       0       0       0       0       0       0       0       0       0
      Temps:          0       2       0       0       0       0       0       0       0       0       0       0       0       0       0       0       0
      Totals:         3       3       0       0       0       0       0       0       0       0       0       0       0       0       0       0       0
Total ram usage:        6 bytes
 Hardware stack levels used:    1
 Hardware stack levels required when called:    3
 This function calls:
		___ftpack
 This function is called by:
		_PWM1_Config
		_PWM1_SET_PulseWidth
 This function uses a non-reentrant model


 *************** function ___altoft *****************
 Defined at:
		line 42 in file "C:\Program Files\Microchip\xc8\v1.30\sources\common\altoft.c"
 Parameters:    Size  Location     Type
  c               4    0[BANK0 ] long 
 Auto vars:     Size  Location     Type
  sign            1   40[COMRAM] unsigned char 
  exp             1   39[COMRAM] unsigned char 
 Return value:  Size  Location     Type
                  3    0[BANK0 ] float 
 Registers used:
		wreg, status,2, status,0, cstack
 Tracked objects:
		On entry : 
		On exit  : 
		Unchanged: 
 Data sizes:     COMRAM   BANK0   BANK1   BANK2   BANK3   BANK4   BANK5   BANK6   BANK7   BANK8   BANK9  BANK10  BANK11  BANK12  BANK13  BANK14  BANK15
      Params:         0       4       0       0       0       0       0       0       0       0       0       0       0       0       0       0       0
      Locals:         2       0       0       0       0       0       0       0       0       0       0       0       0       0       0       0       0
      Temps:          0       4       0       0       0       0       0       0       0       0       0       0       0       0       0       0       0
      Totals:         2       8       0       0       0       0       0       0       0       0       0       0       0       0       0       0       0
Total ram usage:       10 bytes
 Hardware stack levels used:    1
 Hardware stack levels required when called:    3
 This function calls:
		___ftpack
 This function is called by:
		_PWM1_Config
 This function uses a non-reentrant model


 *************** function ___ftpack *****************
 Defined at:
		line 62 in file "C:\Program Files\Microchip\xc8\v1.30\sources\common\float.c"
 Parameters:    Size  Location     Type
  arg             3   31[COMRAM] unsigned um
  exp             1   34[COMRAM] unsigned char 
  sign            1   35[COMRAM] unsigned char 
 Auto vars:     Size  Location     Type
		None
 Return value:  Size  Location     Type
                  3   31[COMRAM] float 
 Registers used:
		wreg, status,2, status,0
 Tracked objects:
		On entry : 
		On exit  : 
		Unchanged: 
 Data sizes:     COMRAM   BANK0   BANK1   BANK2   BANK3   BANK4   BANK5   BANK6   BANK7   BANK8   BANK9  BANK10  BANK11  BANK12  BANK13  BANK14  BANK15
      Params:         5       0       0       0       0       0       0       0       0       0       0       0       0       0       0       0       0
      Locals:         0       0       0       0       0       0       0       0       0       0       0       0       0       0       0       0       0
      Temps:          3       0       0       0       0       0       0       0       0       0       0       0       0       0       0       0       0
      Totals:         8       0       0       0       0       0       0       0       0       0       0       0       0       0       0       0       0
Total ram usage:        8 bytes
 Hardware stack levels used:    1
 Hardware stack levels required when called:    2
 This function calls:
		Nothing
 This function is called by:
		___abtoft
		___altoft
		___ftadd
		___ftdiv
		___ftmul
		___lbtoft
		___lwtoft
 This function uses a non-reentrant model


 *************** function _LowPriority_InterruptHandler *****************
 Defined at:
		line 21 in file "EAB_InterruptHandler.c"
 Parameters:    Size  Location     Type
		None
 Auto vars:     Size  Location     Type
		None
 Return value:  Size  Location     Type
		None               void
 Registers used:
		None
 Tracked objects:
		On entry : 
		On exit  : 
		Unchanged: 
 Data sizes:     COMRAM   BANK0   BANK1   BANK2   BANK3   BANK4   BANK5   BANK6   BANK7   BANK8   BANK9  BANK10  BANK11  BANK12  BANK13  BANK14  BANK15
      Params:         0       0       0       0       0       0       0       0       0       0       0       0       0       0       0       0       0
      Locals:         0       0       0       0       0       0       0       0       0       0       0       0       0       0       0       0       0
      Temps:         17       0       0       0       0       0       0       0       0       0       0       0       0       0       0       0       0
      Totals:        17       0       0       0       0       0       0       0       0       0       0       0       0       0       0       0       0
Total ram usage:       17 bytes
 Hardware stack levels used:    1
 Hardware stack levels required when called:    1
 This function calls:
		Nothing
 This function is called by:
		Interrupt level 1
 This function uses a non-reentrant model


 *************** function _HighPriority_InterruptHandler *****************
 Defined at:
		line 14 in file "EAB_InterruptHandler.c"
 Parameters:    Size  Location     Type
		None
 Auto vars:     Size  Location     Type
		None
 Return value:  Size  Location     Type
		None               void
 Registers used:
		None
 Tracked objects:
		On entry : 
		On exit  : 
		Unchanged: 
 Data sizes:     COMRAM   BANK0   BANK1   BANK2   BANK3   BANK4   BANK5   BANK6   BANK7   BANK8   BANK9  BANK10  BANK11  BANK12  BANK13  BANK14  BANK15
      Params:         0       0       0       0       0       0       0       0       0       0       0       0       0       0       0       0       0
      Locals:         0       0       0       0       0       0       0       0       0       0       0       0       0       0       0       0       0
      Temps:         14       0       0       0       0       0       0       0       0       0       0       0       0       0       0       0       0
      Totals:        14       0       0       0       0       0       0       0       0       0       0       0       0       0       0       0       0
Total ram usage:       14 bytes
 Hardware stack levels used:    1
 This function calls:
		Nothing
 This function is called by:
		Interrupt level 2
 This function uses a non-reentrant model



MODULE INFORMATION

Module		Function		Class		Link	Load	Size
C:\Program Files\Microchip\xc8\v1.30\sources\common\ftadd.c
		___ftadd       		CODE           	00A6	0000	772

C:\Program Files\Microchip\xc8\v1.30\sources\common\ftadd.c estimated size: 772

C:\Program Files\Microchip\xc8\v1.30\sources\common\float.c
		___ftpack      		CODE           	1258	0000	168

C:\Program Files\Microchip\xc8\v1.30\sources\common\float.c estimated size: 168

C:\Program Files\Microchip\xc8\v1.30\sources\common\ftge.c
		___ftge        		CODE           	1300	0000	144

C:\Program Files\Microchip\xc8\v1.30\sources\common\ftge.c estimated size: 144

shared
		__initializatio		CODE           	145A	0000	80

shared estimated size: 80

EAB_Oscillator.c
		_GetFreq       		CODE           	15B8	0000	18
		_SetFreq_500KHZ		CODE           	156E	0000	36

EAB_Oscillator.c estimated size: 54

C:\Program Files\Microchip\xc8\v1.30\sources\common\aldiv.c
		___aldiv       		CODE           	0C82	0000	332

C:\Program Files\Microchip\xc8\v1.30\sources\common\aldiv.c estimated size: 332

C:\Program Files\Microchip\xc8\v1.30\sources\common\ftdiv.c
		___ftdiv       		CODE           	0928	0000	434

C:\Program Files\Microchip\xc8\v1.30\sources\common\ftdiv.c estimated size: 434

main.c
		_PWM1_Enable   		CODE           	15A6	0000	18
		_PWM1_Config   		CODE           	0DCE	0000	288
		_main          		CODE           	11A0	0000	184
		_PWM1_Position 		CODE           	03AA	0000	480
		_PWM1_SET_Pulse		CODE           	0762	0000	454

main.c estimated size: 1424

C:\Program Files\Microchip\xc8\v1.30\sources\common\abtoft.c
		___abtoft      		CODE           	13FA	0000	96

C:\Program Files\Microchip\xc8\v1.30\sources\common\abtoft.c estimated size: 96

C:\Program Files\Microchip\xc8\v1.30\sources\common\ftneg.c
		___ftneg       		CODE           	1522	0000	38

C:\Program Files\Microchip\xc8\v1.30\sources\common\ftneg.c estimated size: 38

EAB_InterruptHandler.c
		_HighPriority_I		CODE           	0008	0000	5106
		_LowPriority_In		CODE           	0018	0000	138

EAB_InterruptHandler.c estimated size: 5244

C:\Program Files\Microchip\xc8\v1.30\sources\common\altoft.c
		___altoft      		CODE           	0FDA	0000	230

C:\Program Files\Microchip\xc8\v1.30\sources\common\altoft.c estimated size: 230

C:\Program Files\Microchip\xc8\v1.30\sources\common\ftmul.c
		___ftmul       		CODE           	058A	0000	472

C:\Program Files\Microchip\xc8\v1.30\sources\common\ftmul.c estimated size: 472

C:\Program Files\Microchip\xc8\v1.30\sources\common\fttol.c
		___fttol       		CODE           	0ADA	0000	424

C:\Program Files\Microchip\xc8\v1.30\sources\common\fttol.c estimated size: 424

C:\Program Files\Microchip\xc8\v1.30\sources\common\lbtoft.c
		___lbtoft      		CODE           	14B4	0000	58

C:\Program Files\Microchip\xc8\v1.30\sources\common\lbtoft.c estimated size: 58

EAB_Serial.c
		_Open1         		CODE           	0EEE	0000	236
		_ReadByte1     		CODE           	15CA	0000	4
		_ReadByte2     		CODE           	15CE	0000	4
		_Open2         		CODE           	10C0	0000	224

EAB_Serial.c estimated size: 468

C:\Program Files\Microchip\xc8\v1.30\sources\common\lwtoft.c
		___lwtoft      		CODE           	14EE	0000	52

C:\Program Files\Microchip\xc8\v1.30\sources\common\lwtoft.c estimated size: 52

