Microchip MPLAB XC8 Compiler V1.30 ()

Linker command line:

--edf=C:\Program Files\Microchip\xc8\v1.30\dat\en_msgs.txt -cs \
  -h+dist/default/production\12._EABproj_Distance.production.sym \
  --cmf=dist/default/production\12._EABproj_Distance.production.cmf -z \
  -Q18F26K22 -oC:\Users\MRK\AppData\Local\Temp\s9dk.6 \
  -Mdist/default/production/12._EABproj_Distance.production.map -E1 \
  -ver=XC8 -ASTACK=0A9h-09ffh -pstack=STACK -ACODE=00h-0FFFFh \
  -ACONST=00h-0FFFFh -ASMALLCONST=01000h-010FFhx240 \
  -AMEDIUMCONST=01000h-0FFFFh -ACOMRAM=01h-05Fh -AABS1=00h-0F37h \
  -ABIGRAM=01h-0F37h -ARAM=060h-0FFh,0100h-01FFhx14,0F00h-0F37h \
  -ABANK0=060h-0FFh -ABANK1=0100h-01FFh -ABANK2=0200h-02FFh \
  -ABANK3=0300h-03FFh -ABANK4=0400h-04FFh -ABANK5=0500h-05FFh \
  -ABANK6=0600h-06FFh -ABANK7=0700h-07FFh -ABANK8=0800h-08FFh \
  -ABANK9=0900h-09FFh -ABANK10=0A00h-0AFFh -ABANK11=0B00h-0BFFh \
  -ABANK12=0C00h-0CFFh -ABANK13=0D00h-0DFFh -ABANK14=0E00h-0EFFh \
  -ABANK15=0F00h-0F37h -ASFR=0F38h-0F5Fh,0F60h-0FFFh \
  -preset_vec=00h,intcode=08h,intcodelo=018h,powerup,init,end_init \
  -pramtop=01000h -psmallconst=SMALLCONST -pmediumconst=MEDIUMCONST \
  -pconst=CONST -AFARRAM=00h-00h -ACONFIG=0300000h-030000Dh -pconfig=CONFIG \
  -AIDLOC=0200000h-0200007h -pidloc=IDLOC -AEEDATA=0F00000h-0F003FFh \
  -peeprom_data=EEDATA \
  -prdata=COMRAM,nvrram=COMRAM,nvbit=COMRAM,rbss=COMRAM,rbit=COMRAM \
  -pfarbss=FARRAM,fardata=FARRAM,nvFARRAM=FARRAM \
  -pintsave_regs=BIGRAM,bigbss=BIGRAM,bigdata=BIGRAM -pbss=RAM \
  -pidata=CODE,irdata=CODE,ibigdata=CODE,ifardata=CODE \
  C:\Users\MRK\AppData\Local\Temp\s9dk.obj \
  dist/default/production\12._EABproj_Distance.production.obj 

Object code version is 3.11

Machine type is 18F26K22

Call graph: (short form)




                Name                               Link     Load   Length Selector   Space Scale
C:\Users\MRK\AppData\Local\Temp\s9dk.obj
                end_init                             A2       A2        4        C       0
                reset_vec                             0        0        4        0       0
                idloc                            200000   200000        8   200000       0
                config                           300000   300000        E   300000       0
dist/default/production\12._EABproj_Distance.production.obj
                intcodelo                            18       18       8A        C       0
                intcode                               8        8        C        4       0
                smallconst                         1000     1000       70      800       0
                intcode_body                       1628     1628       6A      838       0
                text11                             178C     178C       12      838       0
                text10                             1220     1220      14C      838       0
                text9                              154A     154A       DE      838       0
                text8                              1460     1460       EA      838       0
                text7                              136C     136C       F4      838       0
                text6                              1750     1750       22      838       0
                text5                              17BE     17BE        E      BD8       0
                text4                              17B0     17B0        E      BD8       0
                text3                              1772     1772       1A      838       0
                text2                              172E     172E       22      838       0
                text1                              16DC     16DC       2A      838       0
                text0                              1070     1070      1B0      838       0
                cstackCOMRAM                          1        1       2C        1       1
                cstackBANK0                          88       88       21       60       1
                dataBANK0                            60       60       28       60       1
                dataCOMRAM                           2D       2D       11        1       1
                bssCOMRAM                            3E       3E        2        1       1
                cinit                              1692     1692       4A      838       0
                idataBANK0                         1706     1706       28      838       0
                idataCOMRAM                        179E     179E       11      838       0

TOTAL           Name                               Link     Load   Length     Space
        CLASS   STACK          

        CLASS   CODE           
                end_init                             A2       A2        4         0
                intcodelo                            18       18       8A         0
                intcode                               8        8        C         0
                reset_vec                             0        0        4         0
                intcode_body                       1628     1628       6A         0
                text11                             178C     178C       12         0
                text10                             1220     1220      14C         0
                text9                              154A     154A       DE         0
                text8                              1460     1460       EA         0
                text7                              136C     136C       F4         0
                text6                              1750     1750       22         0
                text5                              17BE     17BE        E         0
                text4                              17B0     17B0        E         0
                text3                              1772     1772       1A         0
                text2                              172E     172E       22         0
                text1                              16DC     16DC       2A         0
                text0                              1070     1070      1B0         0
                cinit                              1692     1692       4A         0
                idataBANK0                         1706     1706       28         0
                idataCOMRAM                        179E     179E       11         0

        CLASS   CONST          

        CLASS   SMALLCONST     
                smallconst                         1000     1000       70         0

        CLASS   MEDIUMCONST    

        CLASS   COMRAM         
                cstackCOMRAM                          1        1       2C         1
                dataCOMRAM                           2D       2D       11         1
                bssCOMRAM                            3E       3E        2         1

        CLASS   ABS1           

        CLASS   BIGRAM         

        CLASS   RAM            

        CLASS   BANK0          
                cstackBANK0                          88       88       21         1
                dataBANK0                            60       60       28         1

        CLASS   BANK1          

        CLASS   BANK2          

        CLASS   BANK3          

        CLASS   BANK4          

        CLASS   BANK5          

        CLASS   BANK6          

        CLASS   BANK7          

        CLASS   BANK8          

        CLASS   BANK9          

        CLASS   BANK10         

        CLASS   BANK11         

        CLASS   BANK12         

        CLASS   BANK13         

        CLASS   BANK14         

        CLASS   BANK15         

        CLASS   SFR            

        CLASS   FARRAM         

        CLASS   CONFIG         
                config                           300000   300000        E         0

        CLASS   IDLOC          
                idloc                            200000   200000        8         0

        CLASS   EEDATA         



SEGMENTS        Name                           Load    Length   Top    Selector   Space  Class

                reset_vec                      000000  000004  000004         0       0  CODE    
                cstackCOMRAM                   000001  00003F  000040         1       1  COMRAM  
                intcode                        000008  00000C  000014         4       0  CODE    
                intcodelo                      000018  00008E  0000A6         C       0  CODE    
                dataBANK0                      000060  000049  0000A9        60       1  BANK0   
                smallconst                     001000  000070  001070       800       0  SMALLCON
                text0                          001070  00073F  0017AF       838       0  CODE    
                text4                          0017B0  00001C  0017CC       BD8       0  CODE    
                idloc                          200000  000008  200008    200000       0  IDLOC   
                config                         300000  00000E  30000E    300000       0  CONFIG  


UNUSED ADDRESS RANGES

        Name                Unused          Largest block    Delta
        BANK0            0000A9-0000FF               57
        BANK1            000100-0001FF              100
        BANK10           000A00-000AFF              100
        BANK11           000B00-000BFF              100
        BANK12           000C00-000CFF              100
        BANK13           000D00-000DFF              100
        BANK14           000E00-000EFF              100
        BANK15           000F00-000F37               38
        BANK2            000200-0002FF              100
        BANK3            000300-0003FF              100
        BANK4            000400-0004FF              100
        BANK5            000500-0005FF              100
        BANK6            000600-0006FF              100
        BANK7            000700-0007FF              100
        BANK8            000800-0008FF              100
        BANK9            000900-0009FF              100
        BIGRAM           000040-00005F               20
                         0000A9-000F37              E8F
        CODE             000004-000007                4
                         000014-000017                4
                         0000A6-000FFF              F5A
                         0017AF-0017AF                1
                         0017CC-00FFFF             E834
        COMRAM           000040-00005F               20
        CONST            000004-000007                4
                         000014-000017                4
                         0000A6-000FFF              F5A
                         0017AF-0017AF                1
                         0017CC-00FFFF             E834
        EEDATA           F00000-F003FF              400
        MEDIUMCONST      0017AF-0017AF                1
                         0017CC-00FFFF             E834
        RAM              0000A9-000F37              100
        SFR              000F38-000FFF               28
        SMALLCONST       0017AF-0017AF                1
                         0017CC-00FFFF              100
        STACK            0000A9-0009FF              957

                                  Symbol Table

?_GetFreq                               cstackCOMRAM 000020
?_ReadData                              cstackCOMRAM 000020
?___aldiv                               cstackCOMRAM 000024
Open1@BRGval                            cstackBANK0  00009E
Open1@BaudRate                          cstackBANK0  00008E
Open1@freq                              cstackBANK0  00009A
Open2@BaudRate                          cstackBANK0  00008E
Open2@freq                              cstackBANK0  00009A
Open2@temp                              cstackBANK0  00009E
Open_adc@adcs                           cstackBANK0  000093
Open_adc@freq                           cstackBANK0  000092
ReadData@ADCdata                        cstackCOMRAM 000024
SendByte1@Data                          cstackCOMRAM 000020
SendByte2@Data                          cstackCOMRAM 000020
SetChannel@channel                      cstackCOMRAM 000021
SetTimer2@period                        cstackCOMRAM 000021
SetTimer2@postscalar                    cstackCOMRAM 000020
SetTimer2@prescalar                     cstackCOMRAM 000023
_ADC                                    dataBANK0    000082
_ADCON0bits                             (abs)        000FC2
_ADCON1bits                             (abs)        000FC1
_ADCON2bits                             (abs)        000FC0
_ADRESH                                 (abs)        000FC4
_ADRESL                                 (abs)        000FC3
_BAUDCON1bits                           (abs)        000FB8
_BAUDCON2bits                           (abs)        000F70
_EnableRx1interrupt                     (abs)        000000
_EnableRx2interrupt                     (abs)        000000
_GetFreq                                text11       00178C
_HighPriority_InterruptHandler          intcode      000008
_INTCONbits                             (abs)        000FF2
_IPR1bits                               (abs)        000F9F
_IPR3bits                               (abs)        000FA5
_LowPriority_InterruptHandler           intcodelo    000018
_OSCCON                                 (abs)        000FD3
_OSCCON2bits                            (abs)        000FD2
_OSCCONbits                             (abs)        000FD3
_OSCTUNEbits                            (abs)        000F9B
_Open1                                  text8        001460
_Open2                                  text9        00154A
_Open_adc                               text7        00136C
_OscFreq                                dataCOMRAM   000039
_OscFreqIndex                           dataCOMRAM   00003D
_Oscillator                             dataBANK0    000060
_PIE1bits                               (abs)        000F9D
_PIE3bits                               (abs)        000FA3
_PIR1bits                               (abs)        000F9E
_PIR3bits                               (abs)        000FA4
_PR2                                    (abs)        000FBB
_PinDirection                           (abs)        000F92
_PinFunction                            (abs)        000F38
_RC1REG                                 (abs)        000FAE
_RC2REG                                 (abs)        000F74
_RCONbits                               (abs)        000FD0
_RCSTA1bits                             (abs)        000FAB
_RCSTA2bits                             (abs)        000F71
_ReadByte1                              (abs)        000000
_ReadByte2                              (abs)        000000
_ReadData                               text6        001750
_SPBRG1                                 (abs)        000FAF
_SPBRG2                                 (abs)        000F75
_SPBRGH1                                (abs)        000FB0
_SPBRGH2                                (abs)        000F76
_SendArray1                             (abs)        000000
_SendArray2                             (abs)        000000
_SendByte1                              text4        0017B0
_SendByte2                              text5        0017BE
_SendString1                            (abs)        000000
_SendString2                            (abs)        000000
_Serial1                                dataCOMRAM   00002D
_Serial2                                dataBANK0    000076
_SetChannel                             text3        001772
_SetFreq_16MHZ                          (abs)        000000
_SetFreq_1MHZ                           (abs)        000000
_SetFreq_250KHZ                         (abs)        000000
_SetFreq_2MHZ                           (abs)        000000
_SetFreq_31_25KHZ                       (abs)        000000
_SetFreq_32MHZ                          (abs)        000000
_SetFreq_4MHZ                           (abs)        000000
_SetFreq_500KHZ                         (abs)        000000
_SetFreq_64MHZ                          (abs)        000000
_SetFreq_8MHZ                           text2        00172E
_SetTimer0                              (abs)        000000
_SetTimer0_130milliSec                  (abs)        000000
_SetTimer0_16milliSec                   (abs)        000000
_SetTimer0_1Sec                         (abs)        000000
_SetTimer0_1millSec                     (abs)        000000
_SetTimer1                              (abs)        000000
_SetTimer2                              text1        0016DC
_SetTimer2_100microSec                  (abs)        000000
_SetTimer2_1millSec                     (abs)        000000
_T0CON                                  (abs)        000FD5
_T0CONbits                              (abs)        000FD5
_T1CONbits                              (abs)        000FCD
_T2CON                                  (abs)        000FBA
_T2CONbits                              (abs)        000FBA
_TIMER0_130mSec                         smallconst   00101F
_TIMER0_16mSec                          smallconst   001051
_TIMER0_1Sec                            smallconst   001029
_TIMER0_1mSec                           smallconst   001063
_TIMER2_100usec                         smallconst   001033
_TIMER2_1msec                           smallconst   00103D
_TIMER2_PR2_100usec                     smallconst   00105A
_TIMER2_PR2_1msec                       smallconst   001047
_TX1REG                                 (abs)        000FAD
_TX2REG                                 (abs)        000F73
_TXSTA1bits                             (abs)        000FAC
_TXSTA2bits                             (abs)        000F72
_Timer0                                 smallconst   001001
_Timer0Int                              (abs)        000000
_Timer1                                 smallconst   001069
_Timer1Int                              (abs)        000000
_Timer2                                 smallconst   001010
_Timer2Int                              (abs)        000000
__CFG_DEBUG$OFF                         (abs)        000000
__CFG_FOSC$INTIO7                       (abs)        000000
__CFG_LVP$OFF                           (abs)        000000
__CFG_WDTEN$OFF                         (abs)        000000
__HRAM                                  (abs)        000000
__Habs1                                 abs1         000000
__Hbank0                                bank0        000000
__Hbank1                                bank1        000000
__Hbank10                               bank10       000000
__Hbank11                               bank11       000000
__Hbank12                               bank12       000000
__Hbank13                               bank13       000000
__Hbank14                               bank14       000000
__Hbank15                               bank15       000000
__Hbank2                                bank2        000000
__Hbank3                                bank3        000000
__Hbank4                                bank4        000000
__Hbank5                                bank5        000000
__Hbank6                                bank6        000000
__Hbank7                                bank7        000000
__Hbank8                                bank8        000000
__Hbank9                                bank9        000000
__Hbigbss                               bigbss       000000
__Hbigdata                              bigdata      000000
__Hbigram                               bigram       000000
__Hbss                                  bss          000000
__HbssCOMRAM                            bssCOMRAM    000000
__Hcinit                                cinit        000000
__Hclrtext                              clrtext      000000
__Hcomram                               comram       000000
__Hconfig                               config       30000E
__Hconst                                const        000000
__HcstackBANK0                          cstackBANK0  000000
__HcstackCOMRAM                         cstackCOMRAM 000000
__Hdata                                 data         000000
__HdataBANK0                            dataBANK0    000000
__HdataCOMRAM                           dataCOMRAM   000000
__Heeprom_data                          eeprom_data  000000
__Hend_init                             end_init     0000A6
__Hfarbss                               farbss       000000
__Hfardata                              fardata      000000
__Hibigdata                             ibigdata     000000
__Hidata                                idata        000000
__HidataBANK0                           idataBANK0   000000
__HidataCOMRAM                          idataCOMRAM  000000
__Hidloc                                idloc        200008
__Hifardata                             ifardata     000000
__Hinit                                 init         0000A2
__Hintcode                              intcode      000014
__Hintcode_body                         intcode_body 000000
__Hintcodelo                            intcodelo    0000A2
__Hintentry                             intentry     000000
__Hintret                               intret       000000
__Hintsave_regs                         intsave_regs 000000
__Hirdata                               irdata       000000
__Hmediumconst                          mediumconst  000000
__HnvFARRAM                             nvFARRAM     000000
__Hnvbit                                nvbit        000000
__Hnvrram                               nvrram       000000
__Hparam                                rparam       000000
__Hpowerup                              powerup      0000A2
__Hram                                  ram          000000
__Hramtop                               ramtop       001000
__Hrbit                                 rbit         000000
__Hrbss                                 rbss         000000
__Hrdata                                rdata        000000
__Hreset_vec                            reset_vec    000004
__Hrparam                               rparam       000000
__Hsfr                                  sfr          000000
__Hsmallconst                           smallconst   001070
__Hstack                                stack        000000
__Hstruct                               struct       000000
__Htemp                                 temp         000000
__Htext                                 text         000000
__Htext0                                text0        000000
__Htext1                                text1        000000
__Htext10                               text10       000000
__Htext11                               text11       000000
__Htext2                                text2        000000
__Htext3                                text3        000000
__Htext4                                text4        000000
__Htext5                                text5        000000
__Htext6                                text6        000000
__Htext7                                text7        000000
__Htext8                                text8        000000
__Htext9                                text9        000000
__LRAM                                  (abs)        000001
__Labs1                                 abs1         000000
__Lbank0                                bank0        000000
__Lbank1                                bank1        000000
__Lbank10                               bank10       000000
__Lbank11                               bank11       000000
__Lbank12                               bank12       000000
__Lbank13                               bank13       000000
__Lbank14                               bank14       000000
__Lbank15                               bank15       000000
__Lbank2                                bank2        000000
__Lbank3                                bank3        000000
__Lbank4                                bank4        000000
__Lbank5                                bank5        000000
__Lbank6                                bank6        000000
__Lbank7                                bank7        000000
__Lbank8                                bank8        000000
__Lbank9                                bank9        000000
__Lbigbss                               bigbss       000000
__Lbigdata                              bigdata      000000
__Lbigram                               bigram       000000
__Lbss                                  bss          000000
__LbssCOMRAM                            bssCOMRAM    000000
__Lcinit                                cinit        000000
__Lclrtext                              clrtext      000000
__Lcomram                               comram       000000
__Lconfig                               config       300000
__Lconst                                const        000000
__LcstackBANK0                          cstackBANK0  000000
__LcstackCOMRAM                         cstackCOMRAM 000000
__Ldata                                 data         000000
__LdataBANK0                            dataBANK0    000000
__LdataCOMRAM                           dataCOMRAM   000000
__Leeprom_data                          eeprom_data  000000
__Lend_init                             end_init     0000A2
__Lfarbss                               farbss       000000
__Lfardata                              fardata      000000
__Libigdata                             ibigdata     000000
__Lidata                                idata        000000
__LidataBANK0                           idataBANK0   000000
__LidataCOMRAM                          idataCOMRAM  000000
__Lidloc                                idloc        200000
__Lifardata                             ifardata     000000
__Linit                                 init         0000A2
__Lintcode                              intcode      000008
__Lintcode_body                         intcode_body 000000
__Lintcodelo                            intcodelo    000018
__Lintentry                             intentry     000000
__Lintret                               intret       000000
__Lintsave_regs                         intsave_regs 000000
__Lirdata                               irdata       000000
__Lmediumconst                          mediumconst  000000
__LnvFARRAM                             nvFARRAM     000000
__Lnvbit                                nvbit        000000
__Lnvrram                               nvrram       000000
__Lparam                                rparam       000000
__Lpowerup                              powerup      0000A2
__Lram                                  ram          000000
__Lramtop                               ramtop       001000
__Lrbit                                 rbit         000000
__Lrbss                                 rbss         000000
__Lrdata                                rdata        000000
__Lreset_vec                            reset_vec    000000
__Lrparam                               rparam       000000
__Lsfr                                  sfr          000000
__Lsmallconst                           smallconst   001000
__Lstack                                stack        000000
__Lstruct                               struct       000000
__Ltemp                                 temp         000000
__Ltext                                 text         000000
__Ltext0                                text0        000000
__Ltext1                                text1        000000
__Ltext10                               text10       000000
__Ltext11                               text11       000000
__Ltext2                                text2        000000
__Ltext3                                text3        000000
__Ltext4                                text4        000000
__Ltext5                                text5        000000
__Ltext6                                text6        000000
__Ltext7                                text7        000000
__Ltext8                                text8        000000
__Ltext9                                text9        000000
__S0                                    (abs)        30000E
__S1                                    (abs)        0000A9
__S2                                    (abs)        000000
___aldiv                                text10       001220
___aldiv@counter                        cstackBANK0  000088
___aldiv@dividend                       cstackCOMRAM 000024
___aldiv@divisor                        cstackCOMRAM 000028
___aldiv@quotient                       cstackBANK0  00008A
___aldiv@sign                           cstackBANK0  000089
___inthi_sp                             stack        000000
___intlo_sp                             stack        000000
___sp                                   stack        000000
__accesstop                             (abs)        000060
__activetblptr                          (abs)        000003
__end_of_GetFreq                        text11       00179E
__end_of_HighPriority_InterruptHandler  intcode_body 001692
__end_of_LowPriority_InterruptHandler   intcodelo    0000A2
__end_of_Open1                          text8        00154A
__end_of_Open2                          text9        001628
__end_of_Open_adc                       text7        001460
__end_of_ReadData                       text6        001772
__end_of_SendByte1                      text4        0017BE
__end_of_SendByte2                      text5        0017CC
__end_of_SetChannel                     text3        00178C
__end_of_SetFreq_8MHZ                   text2        001750
__end_of_SetTimer2                      text1        001706
__end_of_TIMER0_130mSec                 smallconst   001029
__end_of_TIMER0_16mSec                  smallconst   00105A
__end_of_TIMER0_1Sec                    smallconst   001033
__end_of_TIMER0_1mSec                   smallconst   001069
__end_of_TIMER2_100usec                 smallconst   00103D
__end_of_TIMER2_1msec                   smallconst   001047
__end_of_TIMER2_PR2_100usec             smallconst   001063
__end_of_TIMER2_PR2_1msec               smallconst   001051
__end_of_Timer0                         smallconst   001010
__end_of_Timer1                         smallconst   00106E
__end_of_Timer2                         smallconst   00101F
__end_of___aldiv                        text10       00136C
__end_of__initialization                cinit        0016D6
__end_of_main                           text0        001220
__initialization                        cinit        001692
__mediumconst                           mediumconst  000000
__pbssCOMRAM                            bssCOMRAM    00003E
__pcinit                                cinit        001692
__pcstackBANK0                          cstackBANK0  000088
__pcstackCOMRAM                         cstackCOMRAM 000001
__pdataBANK0                            dataBANK0    000060
__pdataCOMRAM                           dataCOMRAM   00002D
__pidataBANK0                           idataBANK0   001706
__pidataCOMRAM                          idataCOMRAM  00179E
__pintcode                              intcode      000008
__pintcode_body                         intcode_body 001628
__pintcodelo                            intcodelo    000018
__psmallconst                           smallconst   001000
__ptext0                                text0        001070
__ptext1                                text1        0016DC
__ptext10                               text10       001220
__ptext11                               text11       00178C
__ptext2                                text2        00172E
__ptext3                                text3        001772
__ptext4                                text4        0017B0
__ptext5                                text5        0017BE
__ptext6                                text6        001750
__ptext7                                text7        00136C
__ptext8                                text8        001460
__ptext9                                text9        00154A
__ramtop                                ramtop       001000
__size_of_GetFreq                       (abs)        000000
__size_of_HighPriority_InterruptHandler (abs)        000000
__size_of_LowPriority_InterruptHandler  (abs)        000000
__size_of_Open1                         (abs)        000000
__size_of_Open2                         (abs)        000000
__size_of_Open_adc                      (abs)        000000
__size_of_ReadData                      (abs)        000000
__size_of_SendByte1                     (abs)        000000
__size_of_SendByte2                     (abs)        000000
__size_of_SetChannel                    (abs)        000000
__size_of_SetFreq_8MHZ                  (abs)        000000
__size_of_SetTimer2                     (abs)        000000
__size_of___aldiv                       (abs)        000000
__size_of_main                          (abs)        000000
__smallconst                            smallconst   001000
_delayCount                             bssCOMRAM    00003E
_main                                   text0        001070
end_of_initialization                   cinit        0016D6
int_func                                intcode_body 001628
intlevel0                               text         000000
intlevel1                               text         000000
intlevel2                               text         000000
intlevel3                               text         000000
main@ADCvalue                           cstackBANK0  0000A7
main@LSB                                cstackBANK0  0000A6
main@MSB                                cstackBANK0  0000A5
stackhi                                 (abs)        0009FF
stacklo                                 (abs)        0000A9
start                                   init         0000A2
start_initialization                    cinit        001692


FUNCTION INFORMATION:

 *************** function _main *****************
 Defined at:
		line 26 in file "main.c"
 Parameters:    Size  Location     Type
		None
 Auto vars:     Size  Location     Type
  ADCvalue        2   31[BANK0 ] short 
  LSB             1   30[BANK0 ] unsigned char 
  MSB             1   29[BANK0 ] unsigned char 
 Return value:  Size  Location     Type
		None               void
 Registers used:
		wreg, status,2, status,0, pclat, tosl, tblptrl, tblptrh, tblptru, cstack
 Tracked objects:
		On entry : 
		On exit  : 
		Unchanged: 
 Data sizes:     COMRAM   BANK0   BANK1   BANK2   BANK3   BANK4   BANK5   BANK6   BANK7   BANK8   BANK9  BANK10  BANK11  BANK12  BANK13  BANK14  BANK15
      Params:         0       0       0       0       0       0       0       0       0       0       0       0       0       0       0       0       0
      Locals:         0       4       0       0       0       0       0       0       0       0       0       0       0       0       0       0       0
      Temps:          0       5       0       0       0       0       0       0       0       0       0       0       0       0       0       0       0
      Totals:         0       9       0       0       0       0       0       0       0       0       0       0       0       0       0       0       0
Total ram usage:        9 bytes
 Hardware stack levels required when called:    4
 This function calls:
		_Open1
		_Open2
		_Open_adc
		_ReadData
		_SendByte1
		_SendByte2
		_SetChannel
		_SetFreq_8MHZ
		_SetTimer2
 This function is called by:
		Startup code after reset
 This function uses a non-reentrant model


 *************** function _SetTimer2 *****************
 Defined at:
		line 149 in file "EAB_Timer.c"
 Parameters:    Size  Location     Type
  prescalar       1    wreg     unsigned char 
  postscalar      1   31[COMRAM] unsigned char 
  period          1   32[COMRAM] unsigned char 
 Auto vars:     Size  Location     Type
  prescalar       1   34[COMRAM] unsigned char 
 Return value:  Size  Location     Type
                  1    wreg      unsigned char 
 Registers used:
		wreg, status,2, status,0
 Tracked objects:
		On entry : 
		On exit  : 
		Unchanged: 
 Data sizes:     COMRAM   BANK0   BANK1   BANK2   BANK3   BANK4   BANK5   BANK6   BANK7   BANK8   BANK9  BANK10  BANK11  BANK12  BANK13  BANK14  BANK15
      Params:         2       0       0       0       0       0       0       0       0       0       0       0       0       0       0       0       0
      Locals:         1       0       0       0       0       0       0       0       0       0       0       0       0       0       0       0       0
      Temps:          1       0       0       0       0       0       0       0       0       0       0       0       0       0       0       0       0
      Totals:         4       0       0       0       0       0       0       0       0       0       0       0       0       0       0       0       0
Total ram usage:        4 bytes
 Hardware stack levels used:    1
 Hardware stack levels required when called:    2
 This function calls:
		Nothing
 This function is called by:
		_main
 This function uses a non-reentrant model


 *************** function _SetFreq_8MHZ *****************
 Defined at:
		line 85 in file "EAB_Oscillator.c"
 Parameters:    Size  Location     Type
		None
 Auto vars:     Size  Location     Type
		None
 Return value:  Size  Location     Type
                  1    wreg      unsigned char 
 Registers used:
		wreg, status,2, status,0
 Tracked objects:
		On entry : 
		On exit  : 
		Unchanged: 
 Data sizes:     COMRAM   BANK0   BANK1   BANK2   BANK3   BANK4   BANK5   BANK6   BANK7   BANK8   BANK9  BANK10  BANK11  BANK12  BANK13  BANK14  BANK15
      Params:         0       0       0       0       0       0       0       0       0       0       0       0       0       0       0       0       0
      Locals:         0       0       0       0       0       0       0       0       0       0       0       0       0       0       0       0       0
      Temps:          1       0       0       0       0       0       0       0       0       0       0       0       0       0       0       0       0
      Totals:         1       0       0       0       0       0       0       0       0       0       0       0       0       0       0       0       0
Total ram usage:        1 bytes
 Hardware stack levels used:    1
 Hardware stack levels required when called:    2
 This function calls:
		Nothing
 This function is called by:
		_main
 This function uses a non-reentrant model


 *************** function _SetChannel *****************
 Defined at:
		line 66 in file "EAB_ADC.c"
 Parameters:    Size  Location     Type
  channel         1    wreg     unsigned char 
 Auto vars:     Size  Location     Type
  channel         1   32[COMRAM] unsigned char 
 Return value:  Size  Location     Type
                  1    wreg      unsigned char 
 Registers used:
		wreg, status,2, status,0
 Tracked objects:
		On entry : 
		On exit  : 
		Unchanged: 
 Data sizes:     COMRAM   BANK0   BANK1   BANK2   BANK3   BANK4   BANK5   BANK6   BANK7   BANK8   BANK9  BANK10  BANK11  BANK12  BANK13  BANK14  BANK15
      Params:         0       0       0       0       0       0       0       0       0       0       0       0       0       0       0       0       0
      Locals:         1       0       0       0       0       0       0       0       0       0       0       0       0       0       0       0       0
      Temps:          1       0       0       0       0       0       0       0       0       0       0       0       0       0       0       0       0
      Totals:         2       0       0       0       0       0       0       0       0       0       0       0       0       0       0       0       0
Total ram usage:        2 bytes
 Hardware stack levels used:    1
 Hardware stack levels required when called:    2
 This function calls:
		Nothing
 This function is called by:
		_main
 This function uses a non-reentrant model


 *************** function _SendByte1 *****************
 Defined at:
		line 87 in file "EAB_Serial.c"
 Parameters:    Size  Location     Type
  Data            1    wreg     unsigned char 
 Auto vars:     Size  Location     Type
  Data            1   31[COMRAM] unsigned char 
 Return value:  Size  Location     Type
                  1    wreg      unsigned char 
 Registers used:
		wreg
 Tracked objects:
		On entry : 
		On exit  : 
		Unchanged: 
 Data sizes:     COMRAM   BANK0   BANK1   BANK2   BANK3   BANK4   BANK5   BANK6   BANK7   BANK8   BANK9  BANK10  BANK11  BANK12  BANK13  BANK14  BANK15
      Params:         0       0       0       0       0       0       0       0       0       0       0       0       0       0       0       0       0
      Locals:         1       0       0       0       0       0       0       0       0       0       0       0       0       0       0       0       0
      Temps:          0       0       0       0       0       0       0       0       0       0       0       0       0       0       0       0       0
      Totals:         1       0       0       0       0       0       0       0       0       0       0       0       0       0       0       0       0
Total ram usage:        1 bytes
 Hardware stack levels used:    1
 Hardware stack levels required when called:    2
 This function calls:
		Nothing
 This function is called by:
		_main
 This function uses a non-reentrant model


 *************** function _SendByte2 *****************
 Defined at:
		line 94 in file "EAB_Serial.c"
 Parameters:    Size  Location     Type
  Data            1    wreg     unsigned char 
 Auto vars:     Size  Location     Type
  Data            1   31[COMRAM] unsigned char 
 Return value:  Size  Location     Type
                  1    wreg      unsigned char 
 Registers used:
		wreg
 Tracked objects:
		On entry : 
		On exit  : 
		Unchanged: 
 Data sizes:     COMRAM   BANK0   BANK1   BANK2   BANK3   BANK4   BANK5   BANK6   BANK7   BANK8   BANK9  BANK10  BANK11  BANK12  BANK13  BANK14  BANK15
      Params:         0       0       0       0       0       0       0       0       0       0       0       0       0       0       0       0       0
      Locals:         1       0       0       0       0       0       0       0       0       0       0       0       0       0       0       0       0
      Temps:          0       0       0       0       0       0       0       0       0       0       0       0       0       0       0       0       0
      Totals:         1       0       0       0       0       0       0       0       0       0       0       0       0       0       0       0       0
Total ram usage:        1 bytes
 Hardware stack levels used:    1
 Hardware stack levels required when called:    2
 This function calls:
		Nothing
 This function is called by:
		_main
 This function uses a non-reentrant model


 *************** function _ReadData *****************
 Defined at:
		line 73 in file "EAB_ADC.c"
 Parameters:    Size  Location     Type
		None
 Auto vars:     Size  Location     Type
  ADCdata         2   35[COMRAM] short 
 Return value:  Size  Location     Type
                  2   31[COMRAM] short 
 Registers used:
		wreg, status,2, status,0
 Tracked objects:
		On entry : 
		On exit  : 
		Unchanged: 
 Data sizes:     COMRAM   BANK0   BANK1   BANK2   BANK3   BANK4   BANK5   BANK6   BANK7   BANK8   BANK9  BANK10  BANK11  BANK12  BANK13  BANK14  BANK15
      Params:         2       0       0       0       0       0       0       0       0       0       0       0       0       0       0       0       0
      Locals:         2       0       0       0       0       0       0       0       0       0       0       0       0       0       0       0       0
      Temps:          2       0       0       0       0       0       0       0       0       0       0       0       0       0       0       0       0
      Totals:         6       0       0       0       0       0       0       0       0       0       0       0       0       0       0       0       0
Total ram usage:        6 bytes
 Hardware stack levels used:    1
 Hardware stack levels required when called:    2
 This function calls:
		Nothing
 This function is called by:
		_main
 This function uses a non-reentrant model


 *************** function _Open_adc *****************
 Defined at:
		line 23 in file "EAB_ADC.c"
 Parameters:    Size  Location     Type
		None
 Auto vars:     Size  Location     Type
  adcs            1   11[BANK0 ] unsigned char 
  freq            1   10[BANK0 ] unsigned char 
 Return value:  Size  Location     Type
                  1    wreg      unsigned char 
 Registers used:
		wreg, status,2, status,0, pclat, tosl, cstack
 Tracked objects:
		On entry : 
		On exit  : 
		Unchanged: 
 Data sizes:     COMRAM   BANK0   BANK1   BANK2   BANK3   BANK4   BANK5   BANK6   BANK7   BANK8   BANK9  BANK10  BANK11  BANK12  BANK13  BANK14  BANK15
      Params:         0       0       0       0       0       0       0       0       0       0       0       0       0       0       0       0       0
      Locals:         0       2       0       0       0       0       0       0       0       0       0       0       0       0       0       0       0
      Temps:          0       4       0       0       0       0       0       0       0       0       0       0       0       0       0       0       0
      Totals:         0       6       0       0       0       0       0       0       0       0       0       0       0       0       0       0       0
Total ram usage:        6 bytes
 Hardware stack levels used:    1
 Hardware stack levels required when called:    3
 This function calls:
		_GetFreq
		___aldiv
 This function is called by:
		_main
 This function uses a non-reentrant model


 *************** function _Open1 *****************
 Defined at:
		line 33 in file "EAB_Serial.c"
 Parameters:    Size  Location     Type
  BaudRate        4    6[BANK0 ] long 
 Auto vars:     Size  Location     Type
  freq            4   18[BANK0 ] long 
  BRGval          2   22[BANK0 ] int 
 Return value:  Size  Location     Type
                  1    wreg      unsigned char 
 Registers used:
		wreg, status,2, status,0, pclat, tosl, cstack
 Tracked objects:
		On entry : 
		On exit  : 
		Unchanged: 
 Data sizes:     COMRAM   BANK0   BANK1   BANK2   BANK3   BANK4   BANK5   BANK6   BANK7   BANK8   BANK9  BANK10  BANK11  BANK12  BANK13  BANK14  BANK15
      Params:         0       4       0       0       0       0       0       0       0       0       0       0       0       0       0       0       0
      Locals:         0       6       0       0       0       0       0       0       0       0       0       0       0       0       0       0       0
      Temps:          0       8       0       0       0       0       0       0       0       0       0       0       0       0       0       0       0
      Totals:         0      18       0       0       0       0       0       0       0       0       0       0       0       0       0       0       0
Total ram usage:       18 bytes
 Hardware stack levels used:    1
 Hardware stack levels required when called:    3
 This function calls:
		_GetFreq
		___aldiv
 This function is called by:
		_main
 This function uses a non-reentrant model


 *************** function _Open2 *****************
 Defined at:
		line 61 in file "EAB_Serial.c"
 Parameters:    Size  Location     Type
  BaudRate        4    6[BANK0 ] long 
 Auto vars:     Size  Location     Type
  freq            4   18[BANK0 ] long 
  temp            2   22[BANK0 ] int 
 Return value:  Size  Location     Type
                  1    wreg      unsigned char 
 Registers used:
		wreg, status,2, status,0, pclat, tosl, cstack
 Tracked objects:
		On entry : 
		On exit  : 
		Unchanged: 
 Data sizes:     COMRAM   BANK0   BANK1   BANK2   BANK3   BANK4   BANK5   BANK6   BANK7   BANK8   BANK9  BANK10  BANK11  BANK12  BANK13  BANK14  BANK15
      Params:         0       4       0       0       0       0       0       0       0       0       0       0       0       0       0       0       0
      Locals:         0       6       0       0       0       0       0       0       0       0       0       0       0       0       0       0       0
      Temps:          0       8       0       0       0       0       0       0       0       0       0       0       0       0       0       0       0
      Totals:         0      18       0       0       0       0       0       0       0       0       0       0       0       0       0       0       0
Total ram usage:       18 bytes
 Hardware stack levels used:    1
 Hardware stack levels required when called:    3
 This function calls:
		_GetFreq
		___aldiv
 This function is called by:
		_main
 This function uses a non-reentrant model


 *************** function ___aldiv *****************
 Defined at:
		line 8 in file "C:\Program Files\Microchip\xc8\v1.30\sources\common\aldiv.c"
 Parameters:    Size  Location     Type
  dividend        4   35[COMRAM] long 
  divisor         4   39[COMRAM] long 
 Auto vars:     Size  Location     Type
  quotient        4    2[BANK0 ] long 
  sign            1    1[BANK0 ] unsigned char 
  counter         1    0[BANK0 ] unsigned char 
 Return value:  Size  Location     Type
                  4   35[COMRAM] long 
 Registers used:
		wreg, status,2, status,0
 Tracked objects:
		On entry : 
		On exit  : 
		Unchanged: 
 Data sizes:     COMRAM   BANK0   BANK1   BANK2   BANK3   BANK4   BANK5   BANK6   BANK7   BANK8   BANK9  BANK10  BANK11  BANK12  BANK13  BANK14  BANK15
      Params:         8       0       0       0       0       0       0       0       0       0       0       0       0       0       0       0       0
      Locals:         0       6       0       0       0       0       0       0       0       0       0       0       0       0       0       0       0
      Temps:          1       0       0       0       0       0       0       0       0       0       0       0       0       0       0       0       0
      Totals:         9       6       0       0       0       0       0       0       0       0       0       0       0       0       0       0       0
Total ram usage:       15 bytes
 Hardware stack levels used:    1
 Hardware stack levels required when called:    2
 This function calls:
		Nothing
 This function is called by:
		_Open_adc
		_Open1
		_Open2
 This function uses a non-reentrant model


 *************** function _GetFreq *****************
 Defined at:
		line 128 in file "EAB_Oscillator.c"
 Parameters:    Size  Location     Type
		None
 Auto vars:     Size  Location     Type
		None
 Return value:  Size  Location     Type
                  4   31[COMRAM] long 
 Registers used:
		None
 Tracked objects:
		On entry : 
		On exit  : 
		Unchanged: 
 Data sizes:     COMRAM   BANK0   BANK1   BANK2   BANK3   BANK4   BANK5   BANK6   BANK7   BANK8   BANK9  BANK10  BANK11  BANK12  BANK13  BANK14  BANK15
      Params:         4       0       0       0       0       0       0       0       0       0       0       0       0       0       0       0       0
      Locals:         0       0       0       0       0       0       0       0       0       0       0       0       0       0       0       0       0
      Temps:          0       0       0       0       0       0       0       0       0       0       0       0       0       0       0       0       0
      Totals:         4       0       0       0       0       0       0       0       0       0       0       0       0       0       0       0       0
Total ram usage:        4 bytes
 Hardware stack levels used:    1
 Hardware stack levels required when called:    2
 This function calls:
		Nothing
 This function is called by:
		_Open_adc
		_Open1
		_Open2
 This function uses a non-reentrant model


 *************** function _LowPriority_InterruptHandler *****************
 Defined at:
		line 21 in file "EAB_InterruptHandler.c"
 Parameters:    Size  Location     Type
		None
 Auto vars:     Size  Location     Type
		None
 Return value:  Size  Location     Type
		None               void
 Registers used:
		None
 Tracked objects:
		On entry : 
		On exit  : 
		Unchanged: 
 Data sizes:     COMRAM   BANK0   BANK1   BANK2   BANK3   BANK4   BANK5   BANK6   BANK7   BANK8   BANK9  BANK10  BANK11  BANK12  BANK13  BANK14  BANK15
      Params:         0       0       0       0       0       0       0       0       0       0       0       0       0       0       0       0       0
      Locals:         0       0       0       0       0       0       0       0       0       0       0       0       0       0       0       0       0
      Temps:         17       0       0       0       0       0       0       0       0       0       0       0       0       0       0       0       0
      Totals:        17       0       0       0       0       0       0       0       0       0       0       0       0       0       0       0       0
Total ram usage:       17 bytes
 Hardware stack levels used:    1
 Hardware stack levels required when called:    1
 This function calls:
		Nothing
 This function is called by:
		Interrupt level 1
 This function uses a non-reentrant model


 *************** function _HighPriority_InterruptHandler *****************
 Defined at:
		line 14 in file "EAB_InterruptHandler.c"
 Parameters:    Size  Location     Type
		None
 Auto vars:     Size  Location     Type
		None
 Return value:  Size  Location     Type
		None               void
 Registers used:
		None
 Tracked objects:
		On entry : 
		On exit  : 
		Unchanged: 
 Data sizes:     COMRAM   BANK0   BANK1   BANK2   BANK3   BANK4   BANK5   BANK6   BANK7   BANK8   BANK9  BANK10  BANK11  BANK12  BANK13  BANK14  BANK15
      Params:         0       0       0       0       0       0       0       0       0       0       0       0       0       0       0       0       0
      Locals:         0       0       0       0       0       0       0       0       0       0       0       0       0       0       0       0       0
      Temps:         14       0       0       0       0       0       0       0       0       0       0       0       0       0       0       0       0
      Totals:        14       0       0       0       0       0       0       0       0       0       0       0       0       0       0       0       0
Total ram usage:       14 bytes
 Hardware stack levels used:    1
 This function calls:
		Nothing
 This function is called by:
		Interrupt level 2
 This function uses a non-reentrant model



MODULE INFORMATION

Module		Function		Class		Link	Load	Size
EAB_Timer.c
		_SetTimer2     		CODE           	16DC	0000	42

EAB_Timer.c estimated size: 42

shared
		_TIMER0_130mSec		SMALLCONST     	101F	0000	10
		_Timer1        		SMALLCONST     	1069	0000	5
		_Timer2        		SMALLCONST     	1010	0000	15
		__initializatio		CODE           	1692	0000	68
		_TIMER2_1msec  		SMALLCONST     	103D	0000	10
		_TIMER2_PR2_1ms		SMALLCONST     	1047	0000	10
		_TIMER2_100usec		SMALLCONST     	1033	0000	10
		_Timer0        		SMALLCONST     	1001	0000	15
		_TIMER2_PR2_100		SMALLCONST     	105A	0000	9
		_TIMER0_1Sec   		SMALLCONST     	1029	0000	10
		_TIMER0_1mSec  		SMALLCONST     	1063	0000	6
		_TIMER0_16mSec 		SMALLCONST     	1051	0000	9

shared estimated size: 177

EAB_Oscillator.c
		_GetFreq       		CODE           	178C	0000	18
		_SetFreq_8MHZ  		CODE           	172E	0000	34

EAB_Oscillator.c estimated size: 52

C:\Program Files\Microchip\xc8\v1.30\sources\common\aldiv.c
		___aldiv       		CODE           	1220	0000	332

C:\Program Files\Microchip\xc8\v1.30\sources\common\aldiv.c estimated size: 332

main.c
		_main          		CODE           	1070	0000	432

main.c estimated size: 432

EAB_InterruptHandler.c
		_HighPriority_I		CODE           	0008	0000	5770
		_LowPriority_In		CODE           	0018	0000	138

EAB_InterruptHandler.c estimated size: 5908

EAB_ADC.c
		_Open_adc      		CODE           	136C	0000	244
		_ReadData      		CODE           	1750	0000	34
		_SetChannel    		CODE           	1772	0000	26

EAB_ADC.c estimated size: 304

EAB_Serial.c
		_SendByte1     		CODE           	17B0	0000	14
		_SendByte2     		CODE           	17BE	0000	14
		_Open1         		CODE           	1460	0000	234
		_Open2         		CODE           	154A	0000	222

EAB_Serial.c estimated size: 484

